Component: ARM Compiler 5.05 update 1 (build 106) Tool: armlink [4d0efa]

==============================================================================

Section Cross References

    main.o(i.lcd_task) refers to lcd.o(i.LCD_ShowString) for LCD_ShowString
    main.o(i.lcd_task) refers to lcd.o(i.LCD_Draw_Circle) for LCD_Draw_Circle
    main.o(i.lcd_task) refers to tasks.o(i.vTaskDelay) for vTaskDelay
    main.o(i.led0_task) refers to tasks.o(i.vTaskDelay) for vTaskDelay
    main.o(i.main) refers to misc.o(i.NVIC_PriorityGroupConfig) for NVIC_PriorityGroupConfig
    main.o(i.main) refers to delay.o(i.delay_init) for delay_init
    main.o(i.main) refers to usart.o(i.uart_init) for uart_init
    main.o(i.main) refers to led.o(i.LED_Init) for LED_Init
    main.o(i.main) refers to lcd.o(i.LCD_Init) for LCD_Init
    main.o(i.main) refers to lcd.o(i.LCD_Clear) for LCD_Clear
    main.o(i.main) refers to tasks.o(i.xTaskCreate) for xTaskCreate
    main.o(i.main) refers to tasks.o(i.vTaskStartScheduler) for vTaskStartScheduler
    main.o(i.main) refers to lcd.o(.data) for POINT_COLOR
    main.o(i.main) refers to main.o(.data) for StartTask_Handler
    main.o(i.main) refers to main.o(i.start_task) for start_task
    main.o(i.start_task) refers to port.o(i.vPortEnterCritical) for vPortEnterCritical
    main.o(i.start_task) refers to queue.o(i.xQueueGenericCreate) for xQueueGenericCreate
    main.o(i.start_task) refers to tasks.o(i.xTaskCreate) for xTaskCreate
    main.o(i.start_task) refers to tasks.o(i.vTaskDelete) for vTaskDelete
    main.o(i.start_task) refers to port.o(i.vPortExitCritical) for vPortExitCritical
    main.o(i.start_task) refers to main.o(.data) for BinarySemaphore
    main.o(i.start_task) refers to main.o(i.led0_task) for led0_task
    main.o(i.start_task) refers to main.o(i.lcd_task) for lcd_task
    main.o(i.start_task) refers to main.o(i.uart_task) for uart_task
    main.o(i.uart_task) refers to _printf_percent.o(.ARM.Collect$$_printf_percent$$00000000) for _printf_percent
    main.o(i.uart_task) refers to _printf_s.o(.ARM.Collect$$_printf_percent$$00000014) for _printf_s
    main.o(i.uart_task) refers to _printf_str.o(.text) for _printf_str
    main.o(i.uart_task) refers to queue.o(i.xQueueGenericReceive) for xQueueGenericReceive
    main.o(i.uart_task) refers to heap_4.o(i.pvPortMalloc) for pvPortMalloc
    main.o(i.uart_task) refers to noretval__2sprintf.o(.text) for __2sprintf
    main.o(i.uart_task) refers to noretval__2printf.o(.text) for __2printf
    main.o(i.uart_task) refers to strcmpv7m.o(.text) for strcmp
    main.o(i.uart_task) refers to heap_4.o(i.vPortFree) for vPortFree
    main.o(i.uart_task) refers to rt_memclr.o(.text) for __aeabi_memclr
    main.o(i.uart_task) refers to tasks.o(i.vTaskDelay) for vTaskDelay
    main.o(i.uart_task) refers to main.o(.data) for BinarySemaphore
    main.o(i.uart_task) refers to usart.o(.data) for USART_RX_STA
    main.o(i.uart_task) refers to usart.o(.bss) for USART_RX_BUF
    system_stm32f4xx.o(i.SystemCoreClockUpdate) refers to system_stm32f4xx.o(.data) for SystemCoreClock
    system_stm32f4xx.o(i.SystemInit) refers to system_stm32f4xx.o(i.SetSysClock) for SetSysClock
    led.o(i.LED_Init) refers to stm32f4xx_rcc.o(i.RCC_AHB1PeriphClockCmd) for RCC_AHB1PeriphClockCmd
    led.o(i.LED_Init) refers to stm32f4xx_gpio.o(i.GPIO_Init) for GPIO_Init
    led.o(i.LED_Init) refers to stm32f4xx_gpio.o(i.GPIO_SetBits) for GPIO_SetBits
    lcd.o(i.LCD_Clear) refers to lcd.o(i.LCD_SetCursor) for LCD_SetCursor
    lcd.o(i.LCD_Clear) refers to lcd.o(i.LCD_WriteRAM_Prepare) for LCD_WriteRAM_Prepare
    lcd.o(i.LCD_Clear) refers to lcd.o(.bss) for lcddev
    lcd.o(i.LCD_Color_Fill) refers to lcd.o(i.LCD_SetCursor) for LCD_SetCursor
    lcd.o(i.LCD_Color_Fill) refers to lcd.o(i.LCD_WriteRAM_Prepare) for LCD_WriteRAM_Prepare
    lcd.o(i.LCD_DisplayOff) refers to lcd.o(i.LCD_WR_REG) for LCD_WR_REG
    lcd.o(i.LCD_DisplayOff) refers to lcd.o(i.LCD_WriteReg) for LCD_WriteReg
    lcd.o(i.LCD_DisplayOff) refers to lcd.o(.bss) for lcddev
    lcd.o(i.LCD_DisplayOn) refers to lcd.o(i.LCD_WR_REG) for LCD_WR_REG
    lcd.o(i.LCD_DisplayOn) refers to lcd.o(i.LCD_WriteReg) for LCD_WriteReg
    lcd.o(i.LCD_DisplayOn) refers to lcd.o(.bss) for lcddev
    lcd.o(i.LCD_Display_Dir) refers to lcd.o(i.LCD_Scan_Dir) for LCD_Scan_Dir
    lcd.o(i.LCD_Display_Dir) refers to lcd.o(.bss) for lcddev
    lcd.o(i.LCD_DrawLine) refers to lcd.o(i.LCD_DrawPoint) for LCD_DrawPoint
    lcd.o(i.LCD_DrawPoint) refers to lcd.o(i.LCD_SetCursor) for LCD_SetCursor
    lcd.o(i.LCD_DrawPoint) refers to lcd.o(i.LCD_WriteRAM_Prepare) for LCD_WriteRAM_Prepare
    lcd.o(i.LCD_DrawPoint) refers to lcd.o(.data) for POINT_COLOR
    lcd.o(i.LCD_DrawRectangle) refers to lcd.o(i.LCD_DrawLine) for LCD_DrawLine
    lcd.o(i.LCD_Draw_Circle) refers to lcd.o(i.LCD_DrawPoint) for LCD_DrawPoint
    lcd.o(i.LCD_FSMCConf) refers to stm32f4xx_rcc.o(i.RCC_AHB3PeriphClockCmd) for RCC_AHB3PeriphClockCmd
[...]
    .ARM.Collect$$libinit$$0000001F          0x0800020c   Section        0  libinit2.o(.ARM.Collect$$libinit$$0000001F)
    .ARM.Collect$$libinit$$00000021          0x0800020c   Section        0  libinit2.o(.ARM.Collect$$libinit$$00000021)
    .ARM.Collect$$libinit$$00000023          0x0800020c   Section        0  libinit2.o(.ARM.Collect$$libinit$$00000023)
    .ARM.Collect$$libinit$$00000025          0x0800020c   Section        0  libinit2.o(.ARM.Collect$$libinit$$00000025)
    .ARM.Collect$$libinit$$0000002C          0x0800020c   Section        0  libinit2.o(.ARM.Collect$$libinit$$0000002C)
    .ARM.Collect$$libinit$$0000002E          0x0800020c   Section        0  libinit2.o(.ARM.Collect$$libinit$$0000002E)
    .ARM.Collect$$libinit$$00000030          0x0800020c   Section        0  libinit2.o(.ARM.Collect$$libinit$$00000030)
    .ARM.Collect$$libinit$$00000032          0x0800020c   Section        0  libinit2.o(.ARM.Collect$$libinit$$00000032)
    .ARM.Collect$$libinit$$00000033          0x0800020c   Section        2  libinit2.o(.ARM.Collect$$libinit$$00000033)
    .ARM.Collect$$libshutdown$$00000000      0x0800020e   Section        2  libshutdown.o(.ARM.Collect$$libshutdown$$00000000)
    .ARM.Collect$$libshutdown$$00000003      0x08000210   Section        0  libshutdown2.o(.ARM.Collect$$libshutdown$$00000003)
    .ARM.Collect$$libshutdown$$00000006      0x08000210   Section        0  libshutdown2.o(.ARM.Collect$$libshutdown$$00000006)
    .ARM.Collect$$libshutdown$$00000009      0x08000210   Section        0  libshutdown2.o(.ARM.Collect$$libshutdown$$00000009)
    .ARM.Collect$$libshutdown$$0000000B      0x08000210   Section        0  libshutdown2.o(.ARM.Collect$$libshutdown$$0000000B)
    .ARM.Collect$$libshutdown$$0000000E      0x08000210   Section        0  libshutdown2.o(.ARM.Collect$$libshutdown$$0000000E)
    .ARM.Collect$$libshutdown$$0000000F      0x08000210   Section        2  libshutdown2.o(.ARM.Collect$$libshutdown$$0000000F)
    .ARM.Collect$$rtentry$$00000000          0x08000212   Section        0  __rtentry.o(.ARM.Collect$$rtentry$$00000000)
    .ARM.Collect$$rtentry$$00000002          0x08000212   Section        0  __rtentry2.o(.ARM.Collect$$rtentry$$00000002)
    .ARM.Collect$$rtentry$$00000004          0x08000212   Section        6  __rtentry4.o(.ARM.Collect$$rtentry$$00000004)
    .ARM.Collect$$rtentry$$00000009          0x08000218   Section        0  __rtentry2.o(.ARM.Collect$$rtentry$$00000009)
    .ARM.Collect$$rtentry$$0000000A          0x08000218   Section        4  __rtentry2.o(.ARM.Collect$$rtentry$$0000000A)
    .ARM.Collect$$rtentry$$0000000C          0x0800021c   Section        0  __rtentry2.o(.ARM.Collect$$rtentry$$0000000C)
    .ARM.Collect$$rtentry$$0000000D          0x0800021c   Section        8  __rtentry2.o(.ARM.Collect$$rtentry$$0000000D)
    .ARM.Collect$$rtexit$$00000000           0x08000224   Section        2  rtexit.o(.ARM.Collect$$rtexit$$00000000)
    .ARM.Collect$$rtexit$$00000002           0x08000226   Section        0  rtexit2.o(.ARM.Collect$$rtexit$$00000002)
    .ARM.Collect$$rtexit$$00000003           0x08000226   Section        4  rtexit2.o(.ARM.Collect$$rtexit$$00000003)
    .ARM.Collect$$rtexit$$00000004           0x0800022a   Section        6  rtexit2.o(.ARM.Collect$$rtexit$$00000004)
    .emb_text                                0x08000230   Section      182  port.o(.emb_text)
    $v0                                      0x08000230   Number         0  port.o(.emb_text)
    .text                                    0x080002e8   Section       64  startup_stm32f40_41xxx.o(.text)
    $v0                                      0x080002e8   Number         0  startup_stm32f40_41xxx.o(.text)
    .text                                    0x08000328   Section        2  use_no_semi_2.o(.text)
    .text                                    0x0800032c   Section        0  noretval__2printf.o(.text)
    .text                                    0x08000344   Section        0  noretval__2sprintf.o(.text)
    .text                                    0x0800036c   Section        0  __printf.o(.text)
    .text                                    0x080003d4   Section        0  _printf_str.o(.text)
    .text                                    0x08000426   Section      138  rt_memcpy_v6.o(.text)
    .text                                    0x080004b0   Section       16  aeabi_memset.o(.text)
    .text                                    0x080004c0   Section       68  rt_memclr.o(.text)
    .text                                    0x08000504   Section      128  strcmpv7m.o(.text)
    .text                                    0x08000584   Section        0  heapauxi.o(.text)
    .text                                    0x0800058a   Section        2  use_no_semi.o(.text)
    .text                                    0x0800058c   Section        0  _printf_char_common.o(.text)
    _printf_input_char                       0x0800058d   Thumb Code    10  _printf_char_common.o(.text)
    .text                                    0x080005bc   Section        0  _sputc.o(.text)
    .text                                    0x080005c6   Section        0  _printf_char.o(.text)
    .text                                    0x080005f4   Section        0  _printf_char_file.o(.text)
    .text                                    0x08000618   Section      100  rt_memcpy_w.o(.text)
    .text                                    0x0800067c   Section       78  rt_memclr_w.o(.text)
    .text                                    0x080006ca   Section        0  ferror.o(.text)
    .text                                    0x080006d2   Section       74  sys_stackheap_outer.o(.text)
    .text                                    0x0800071c   Section        0  exit.o(.text)
    .text                                    0x08000728   Section        8  libspace.o(.text)
    i.BusFault_Handler                       0x08000730   Section        0  stm32f4xx_it.o(i.BusFault_Handler)
    i.DebugMon_Handler                       0x08000734   Section        0  stm32f4xx_it.o(i.DebugMon_Handler)
    i.FSMC_NORSRAMCmd                        0x08000738   Section        0  stm32f4xx_fsmc.o(i.FSMC_NORSRAMCmd)
    i.FSMC_NORSRAMInit                       0x0800076c   Section        0  stm32f4xx_fsmc.o(i.FSMC_NORSRAMInit)
    i.GPIO_Init                              0x08000852   Section        0  stm32f4xx_gpio.o(i.GPIO_Init)
    i.GPIO_PinAFConfig                       0x080008e2   Section        0  stm32f4xx_gpio.o(i.GPIO_PinAFConfig)
    i.GPIO_SetBits                           0x08000928   Section        0  stm32f4xx_gpio.o(i.GPIO_SetBits)
    i.HardFault_Handler                      0x0800092c   Section        0  stm32f4xx_it.o(i.HardFault_Handler)
    i.LCD_Clear                              0x08000930   Section        0  lcd.o(i.LCD_Clear)
    i.LCD_Display_Dir                        0x0800099c   Section        0  lcd.o(i.LCD_Display_Dir)
    i.LCD_DrawPoint                          0x08000b5c   Section        0  lcd.o(i.LCD_DrawPoint)
    i.LCD_Draw_Circle                        0x08000b80   Section        0  lcd.o(i.LCD_Draw_Circle)
    i.LCD_FSMCConf                           0x08000c18   Section        0  lcd.o(i.LCD_FSMCConf)
    i.LCD_Fast_DrawPoint                     0x08000c78   Section        0  lcd.o(i.LCD_Fast_DrawPoint)
    i.LCD_Init                               0x08000df0   Section        0  lcd.o(i.LCD_Init)
    i.LCD_LineConf                           0x08004524   Section        0  lcd.o(i.LCD_LineConf)
    i.LCD_RD_DATA                            0x08004654   Section        0  lcd.o(i.LCD_RD_DATA)
    i.LCD_ReadReg                            0x08004664   Section        0  lcd.o(i.LCD_ReadReg)
    i.LCD_SSD_BackLightSet                   0x0800467c   Section        0  lcd.o(i.LCD_SSD_BackLightSet)
    i.LCD_Scan_Dir                           0x080046dc   Section        0  lcd.o(i.LCD_Scan_Dir)
    i.LCD_SetCursor                          0x080049c8   Section        0  lcd.o(i.LCD_SetCursor)
    i.LCD_ShowChar                           0x08004b70   Section        0  lcd.o(i.LCD_ShowChar)
    i.LCD_ShowString                         0x08004c98   Section        0  lcd.o(i.LCD_ShowString)
    i.LCD_WR_DATA                            0x08004cfe   Section        0  lcd.o(i.LCD_WR_DATA)
    i.LCD_WR_REG                             0x08004d12   Section        0  lcd.o(i.LCD_WR_REG)
    i.LCD_WriteRAM_Prepare                   0x08004d28   Section        0  lcd.o(i.LCD_WriteRAM_Prepare)
    i.LCD_WriteReg                           0x08004d38   Section        0  lcd.o(i.LCD_WriteReg)
    i.LED_Init                               0x08004d44   Section        0  led.o(i.LED_Init)
    i.MemManage_Handler                      0x08004d80   Section        0  stm32f4xx_it.o(i.MemManage_Handler)
    i.NMI_Handler                            0x08004d84   Section        0  stm32f4xx_it.o(i.NMI_Handler)
    i.NVIC_Init                              0x08004d88   Section        0  misc.o(i.NVIC_Init)
    i.NVIC_PriorityGroupConfig               0x08004e00   Section        0  misc.o(i.NVIC_PriorityGroupConfig)
    i.RCC_AHB1PeriphClockCmd                 0x08004e14   Section        0  stm32f4xx_rcc.o(i.RCC_AHB1PeriphClockCmd)
    i.RCC_AHB3PeriphClockCmd                 0x08004e34   Section        0  stm32f4xx_rcc.o(i.RCC_AHB3PeriphClockCmd)
    i.RCC_APB2PeriphClockCmd                 0x08004e54   Section        0  stm32f4xx_rcc.o(i.RCC_APB2PeriphClockCmd)
    i.RCC_GetClocksFreq                      0x08004e74   Section        0  stm32f4xx_rcc.o(i.RCC_GetClocksFreq)
    i.SetSysClock                            0x08004f5c   Section        0  system_stm32f4xx.o(i.SetSysClock)
    SetSysClock                              0x08004f5d   Thumb Code   220  system_stm32f4xx.o(i.SetSysClock)
    i.SysTick_CLKSourceConfig                0x08005048   Section        0  misc.o(i.SysTick_CLKSourceConfig)
    i.SysTick_Handler                        0x08005070   Section        0  delay.o(i.SysTick_Handler)
    i.SystemInit                             0x08005080   Section        0  system_stm32f4xx.o(i.SystemInit)
    i.USART1_IRQHandler                      0x080050e8   Section        0  usart.o(i.USART1_IRQHandler)
    i.USART_Cmd                              0x080051a4   Section        0  stm32f4xx_usart.o(i.USART_Cmd)
    i.USART_GetITStatus                      0x080051bc   Section        0  stm32f4xx_usart.o(i.USART_GetITStatus)
    i.USART_ITConfig                         0x08005210   Section        0  stm32f4xx_usart.o(i.USART_ITConfig)
    i.USART_Init                             0x0800525c   Section        0  stm32f4xx_usart.o(i.USART_Init)
    i.USART_ReceiveData                      0x08005330   Section        0  stm32f4xx_usart.o(i.USART_ReceiveData)
    i.UsageFault_Handler                     0x0800533a   Section        0  stm32f4xx_it.o(i.UsageFault_Handler)
    i._sys_exit                              0x0800533e   Section        0  usart.o(i._sys_exit)
    i.delay_init                             0x08005344   Section        0  delay.o(i.delay_init)
    i.delay_ms                               0x08005388   Section        0  delay.o(i.delay_ms)
    i.delay_us                               0x080053c8   Section        0  delay.o(i.delay_us)
    i.fputc                                  0x08005410   Section        0  usart.o(i.fputc)
    i.lcd_task                               0x0800542c   Section        0  main.o(i.lcd_task)
    i.led0_task                              0x08005470   Section        0  main.o(i.led0_task)
    i.main                                   0x08005490   Section        0  main.o(i.main)
    i.prvAddCurrentTaskToDelayedList         0x080054f4   Section        0  tasks.o(i.prvAddCurrentTaskToDelayedList)
    prvAddCurrentTaskToDelayedList           0x080054f5   Thumb Code   124  tasks.o(i.prvAddCurrentTaskToDelayedList)
    i.prvAddNewTaskToReadyList               0x0800558c   Section        0  tasks.o(i.prvAddNewTaskToReadyList)
    prvAddNewTaskToReadyList                 0x0800558d   Thumb Code   156  tasks.o(i.prvAddNewTaskToReadyList)
    i.prvCheckForValidListAndQueue           0x08005644   Section        0  timers.o(i.prvCheckForValidListAndQueue)
    prvCheckForValidListAndQueue             0x08005645   Thumb Code    72  timers.o(i.prvCheckForValidListAndQueue)
    i.prvCheckTasksWaitingTermination        0x080056a8   Section        0  tasks.o(i.prvCheckTasksWaitingTermination)
    prvCheckTasksWaitingTermination          0x080056a9   Thumb Code    86  tasks.o(i.prvCheckTasksWaitingTermination)
    i.prvCopyDataFromQueue                   0x0800570c   Section        0  queue.o(i.prvCopyDataFromQueue)
    prvCopyDataFromQueue                     0x0800570d   Thumb Code    42  queue.o(i.prvCopyDataFromQueue)
    i.prvCopyDataToQueue                     0x08005736   Section        0  queue.o(i.prvCopyDataToQueue)
    prvCopyDataToQueue                       0x08005737   Thumb Code   124  queue.o(i.prvCopyDataToQueue)
    i.prvDeleteTCB                           0x080057b2   Section        0  tasks.o(i.prvDeleteTCB)
    prvDeleteTCB                             0x080057b3   Thumb Code    18  tasks.o(i.prvDeleteTCB)
    i.prvGetNextExpireTime                   0x080057c4   Section        0  timers.o(i.prvGetNextExpireTime)
    prvGetNextExpireTime                     0x080057c5   Thumb Code    36  timers.o(i.prvGetNextExpireTime)
    i.prvHeapInit                            0x080057ec   Section        0  heap_4.o(i.prvHeapInit)
    prvHeapInit                              0x080057ed   Thumb Code    98  heap_4.o(i.prvHeapInit)
    i.prvIdleTask                            0x08005868   Section        0  tasks.o(i.prvIdleTask)
    prvIdleTask                              0x08005869   Thumb Code    32  tasks.o(i.prvIdleTask)
    i.prvInitialiseNewQueue                  0x08005890   Section        0  queue.o(i.prvInitialiseNewQueue)
    prvInitialiseNewQueue                    0x08005891   Thumb Code    42  queue.o(i.prvInitialiseNewQueue)
    i.prvInitialiseNewTask                   0x080058ba   Section        0  tasks.o(i.prvInitialiseNewTask)
    prvInitialiseNewTask                     0x080058bb   Thumb Code   180  tasks.o(i.prvInitialiseNewTask)
    i.prvInitialiseTaskLists                 0x08005970   Section        0  tasks.o(i.prvInitialiseTaskLists)
    prvInitialiseTaskLists                   0x08005971   Thumb Code    70  tasks.o(i.prvInitialiseTaskLists)
    i.prvInsertBlockIntoFreeList             0x080059d8   Section        0  heap_4.o(i.prvInsertBlockIntoFreeList)
    prvInsertBlockIntoFreeList               0x080059d9   Thumb Code    96  heap_4.o(i.prvInsertBlockIntoFreeList)
    i.prvInsertTimerInActiveList             0x08005a40   Section        0  timers.o(i.prvInsertTimerInActiveList)
    prvInsertTimerInActiveList               0x08005a41   Thumb Code    80  timers.o(i.prvInsertTimerInActiveList)
    i.prvIsQueueEmpty                        0x08005a98   Section        0  queue.o(i.prvIsQueueEmpty)
    prvIsQueueEmpty                          0x08005a99   Thumb Code    26  queue.o(i.prvIsQueueEmpty)
    i.prvIsQueueFull                         0x08005ab2   Section        0  queue.o(i.prvIsQueueFull)
    prvIsQueueFull                           0x08005ab3   Thumb Code    30  queue.o(i.prvIsQueueFull)
    i.prvProcessExpiredTimer                 0x08005ad0   Section        0  timers.o(i.prvProcessExpiredTimer)
    prvProcessExpiredTimer                   0x08005ad1   Thumb Code    94  timers.o(i.prvProcessExpiredTimer)
    i.prvProcessReceivedCommands             0x08005b34   Section        0  timers.o(i.prvProcessReceivedCommands)
    prvProcessReceivedCommands               0x08005b35   Thumb Code   242  timers.o(i.prvProcessReceivedCommands)
    i.prvProcessTimerOrBlockTask             0x08005c2c   Section        0  timers.o(i.prvProcessTimerOrBlockTask)
    prvProcessTimerOrBlockTask               0x08005c2d   Thumb Code   102  timers.o(i.prvProcessTimerOrBlockTask)
    i.prvResetNextTaskUnblockTime            0x08005ca0   Section        0  tasks.o(i.prvResetNextTaskUnblockTime)
    prvResetNextTaskUnblockTime              0x08005ca1   Thumb Code    42  tasks.o(i.prvResetNextTaskUnblockTime)
    i.prvSampleTimeNow                       0x08005cd4   Section        0  timers.o(i.prvSampleTimeNow)
    prvSampleTimeNow                         0x08005cd5   Thumb Code    40  timers.o(i.prvSampleTimeNow)
    i.prvSwitchTimerLists                    0x08005d00   Section        0  timers.o(i.prvSwitchTimerLists)
    prvSwitchTimerLists                      0x08005d01   Thumb Code   150  timers.o(i.prvSwitchTimerLists)
    i.prvTaskExitError                       0x08005da0   Section        0  port.o(i.prvTaskExitError)
    prvTaskExitError                         0x08005da1   Thumb Code    60  port.o(i.prvTaskExitError)
    i.prvTimerTask                           0x08005de0   Section        0  timers.o(i.prvTimerTask)
    prvTimerTask                             0x08005de1   Thumb Code    26  timers.o(i.prvTimerTask)
    i.prvUnlockQueue                         0x08005dfa   Section        0  queue.o(i.prvUnlockQueue)
    prvUnlockQueue                           0x08005dfb   Thumb Code   126  queue.o(i.prvUnlockQueue)
    i.pvPortMalloc                           0x08005e78   Section        0  heap_4.o(i.pvPortMalloc)
    i.pvTaskIncrementMutexHeldCount          0x08005fb4   Section        0  tasks.o(i.pvTaskIncrementMutexHeldCount)
    i.pxPortInitialiseStack                  0x08005fd4   Section        0  port.o(i.pxPortInitialiseStack)
    i.start_task                             0x08006000   Section        0  main.o(i.start_task)
    i.uart_init                              0x080060a4   Section        0  usart.o(i.uart_init)
    i.uart_task                              0x08006154   Section        0  main.o(i.uart_task)
    i.uxListRemove                           0x08006220   Section        0  list.o(i.uxListRemove)
    i.vListInitialise                        0x08006248   Section        0  list.o(i.vListInitialise)
    i.vListInitialiseItem                    0x08006262   Section        0  list.o(i.vListInitialiseItem)
    i.vListInsert                            0x08006268   Section        0  list.o(i.vListInsert)
    i.vListInsertEnd                         0x0800629c   Section        0  list.o(i.vListInsertEnd)
    i.vPortEnterCritical                     0x080062b4   Section        0  port.o(i.vPortEnterCritical)
    i.vPortExitCritical                      0x08006308   Section        0  port.o(i.vPortExitCritical)
    i.vPortFree                              0x08006344   Section        0  heap_4.o(i.vPortFree)
    i.vPortSetupTimerInterrupt               0x080063d8   Section        0  port.o(i.vPortSetupTimerInterrupt)
    i.vPortValidateInterruptPriority         0x080063f8   Section        0  port.o(i.vPortValidateInterruptPriority)
    i.vQueueAddToRegistry                    0x08006470   Section        0  queue.o(i.vQueueAddToRegistry)
    i.vQueueWaitForMessageRestricted         0x0800649c   Section        0  queue.o(i.vQueueWaitForMessageRestricted)
    i.vTaskDelay                             0x080064e8   Section        0  tasks.o(i.vTaskDelay)
    i.vTaskDelete                            0x08006544   Section        0  tasks.o(i.vTaskDelete)
    i.vTaskMissedYield                       0x08006638   Section        0  tasks.o(i.vTaskMissedYield)
    i.vTaskPlaceOnEventList                  0x08006644   Section        0  tasks.o(i.vTaskPlaceOnEventList)
    i.vTaskPlaceOnEventListRestricted        0x0800667c   Section        0  tasks.o(i.vTaskPlaceOnEventListRestricted)
    i.vTaskPriorityInherit                   0x080066bc   Section        0  tasks.o(i.vTaskPriorityInherit)
    i.vTaskSetTimeOutState                   0x0800676c   Section        0  tasks.o(i.vTaskSetTimeOutState)
    i.vTaskStartScheduler                    0x0800679c   Section        0  tasks.o(i.vTaskStartScheduler)
    i.vTaskSuspendAll                        0x08006830   Section        0  tasks.o(i.vTaskSuspendAll)
    i.vTaskSwitchContext                     0x08006840   Section        0  tasks.o(i.vTaskSwitchContext)
    i.xPortStartScheduler                    0x080068cc   Section        0  port.o(i.xPortStartScheduler)
    i.xPortSysTickHandler                    0x08006a08   Section        0  port.o(i.xPortSysTickHandler)
    i.xQueueGenericCreate                    0x08006a3c   Section        0  queue.o(i.xQueueGenericCreate)
    i.xQueueGenericReceive                   0x08006a94   Section        0  queue.o(i.xQueueGenericReceive)
    i.xQueueGenericReset                     0x08006c58   Section        0  queue.o(i.xQueueGenericReset)
    i.xQueueGenericSend                      0x08006cf0   Section        0  queue.o(i.xQueueGenericSend)
    i.xQueueGenericSendFromISR               0x08006e98   Section        0  queue.o(i.xQueueGenericSendFromISR)
    i.xQueueGiveFromISR                      0x08006f90   Section        0  queue.o(i.xQueueGiveFromISR)
    i.xTaskCheckForTimeOut                   0x08007070   Section        0  tasks.o(i.xTaskCheckForTimeOut)
    i.xTaskCreate                            0x080070fc   Section        0  tasks.o(i.xTaskCreate)
    i.xTaskGetSchedulerState                 0x0800715c   Section        0  tasks.o(i.xTaskGetSchedulerState)
    i.xTaskGetTickCount                      0x0800717c   Section        0  tasks.o(i.xTaskGetTickCount)
    i.xTaskIncrementTick                     0x08007188   Section        0  tasks.o(i.xTaskIncrementTick)
    i.xTaskPriorityDisinherit                0x080072d0   Section        0  tasks.o(i.xTaskPriorityDisinherit)
    i.xTaskRemoveFromEventList               0x08007398   Section        0  tasks.o(i.xTaskRemoveFromEventList)
    i.xTaskResumeAll                         0x08007430   Section        0  tasks.o(i.xTaskResumeAll)
    i.xTimerCreateTimerTask                  0x08007534   Section        0  timers.o(i.xTimerCreateTimerTask)
    i.xTimerGenericCommand                   0x0800758c   Section        0  timers.o(i.xTimerGenericCommand)
    x$fpl$dfixu                              0x08007610   Section       90  dfixu.o(x$fpl$dfixu)
    $v0                                      0x08007610   Number         0  dfixu.o(x$fpl$dfixu)
    x$fpl$dfltu                              0x0800766a   Section       38  dflt_clz.o(x$fpl$dfltu)
    $v0                                      0x0800766a   Number         0  dflt_clz.o(x$fpl$dfltu)
    x$fpl$dmul                               0x08007690   Section      340  dmul.o(x$fpl$dmul)
    $v0                                      0x08007690   Number         0  dmul.o(x$fpl$dmul)
    x$fpl$dnaninf                            0x080077e4   Section      156  dnaninf.o(x$fpl$dnaninf)
    $v0                                      0x080077e4   Number         0  dnaninf.o(x$fpl$dnaninf)
    x$fpl$dretinf                            0x08007880   Section       12  dretinf.o(x$fpl$dretinf)
    $v0                                      0x08007880   Number         0  dretinf.o(x$fpl$dretinf)
    x$fpl$fpinit                             0x0800788c   Section       10  fpinit.o(x$fpl$fpinit)
    $v0                                      0x0800788c   Number         0  fpinit.o(x$fpl$fpinit)
    .constdata                               0x08007896   Section     6080  lcd.o(.constdata)
    x$fpl$usenofp                            0x08007896   Section        0  usenofp.o(x$fpl$usenofp)
    .data                                    0x20000000   Section       20  main.o(.data)
    .data                                    0x20000014   Section       20  system_stm32f4xx.o(.data)
    .data                                    0x20000028   Section        8  lcd.o(.data)
    .data                                    0x20000030   Section        4  delay.o(.data)
    fac_us                                   0x20000030   Data           1  delay.o(.data)
    fac_ms                                   0x20000032   Data           2  delay.o(.data)
    .data                                    0x20000034   Section        6  usart.o(.data)
    .data                                    0x2000003a   Section       16  stm32f4xx_rcc.o(.data)
    APBAHBPrescTable                         0x2000003a   Data          16  stm32f4xx_rcc.o(.data)
    .data                                    0x2000004c   Section       60  tasks.o(.data)
    pxDelayedTaskList                        0x20000050   Data           4  tasks.o(.data)
    pxOverflowDelayedTaskList                0x20000054   Data           4  tasks.o(.data)
    uxDeletedTasksWaitingCleanUp             0x20000058   Data           4  tasks.o(.data)
    uxCurrentNumberOfTasks                   0x2000005c   Data           4  tasks.o(.data)
    xTickCount                               0x20000060   Data           4  tasks.o(.data)
    uxTopReadyPriority                       0x20000064   Data           4  tasks.o(.data)
    xSchedulerRunning                        0x20000068   Data           4  tasks.o(.data)
    uxPendedTicks                            0x2000006c   Data           4  tasks.o(.data)
    xYieldPending                            0x20000070   Data           4  tasks.o(.data)
    xNumOfOverflows                          0x20000074   Data           4  tasks.o(.data)
    uxTaskNumber                             0x20000078   Data           4  tasks.o(.data)
    xNextTaskUnblockTime                     0x2000007c   Data           4  tasks.o(.data)
    xIdleTaskHandle                          0x20000080   Data           4  tasks.o(.data)
    uxSchedulerSuspended                     0x20000084   Data           4  tasks.o(.data)
    .data                                    0x20000088   Section       20  timers.o(.data)
    pxCurrentTimerList                       0x20000088   Data           4  timers.o(.data)
    pxOverflowTimerList                      0x2000008c   Data           4  timers.o(.data)
    xTimerQueue                              0x20000090   Data           4  timers.o(.data)
    xTimerTaskHandle                         0x20000094   Data           4  timers.o(.data)
    xLastTime                                0x20000098   Data           4  timers.o(.data)
    .data                                    0x2000009c   Section       24  heap_4.o(.data)
    xStart                                   0x2000009c   Data           8  heap_4.o(.data)
    pxEnd                                    0x200000a4   Data           4  heap_4.o(.data)
    xFreeBytesRemaining                      0x200000a8   Data           4  heap_4.o(.data)
    xMinimumEverFreeBytesRemaining           0x200000ac   Data           4  heap_4.o(.data)
    xBlockAllocatedBit                       0x200000b0   Data           4  heap_4.o(.data)
    .data                                    0x200000b4   Section       12  port.o(.data)
    uxCriticalNesting                        0x200000b4   Data           4  port.o(.data)
    ucMaxSysCallPriority                     0x200000b8   Data           1  port.o(.data)
    ulMaxPRIGROUPValue                       0x200000bc   Data           4  port.o(.data)
    .bss                                     0x200000c0   Section       14  lcd.o(.bss)
    .bss                                     0x200000ce   Section      200  usart.o(.bss)
    .bss                                     0x20000198   Section       64  queue.o(.bss)
    .bss                                     0x200001d8   Section      200  tasks.o(.bss)
    pxReadyTasksLists                        0x200001d8   Data         100  tasks.o(.bss)
    xDelayedTaskList1                        0x2000023c   Data          20  tasks.o(.bss)
    xDelayedTaskList2                        0x20000250   Data          20  tasks.o(.bss)
    xPendingReadyList                        0x20000264   Data          20  tasks.o(.bss)
    xTasksWaitingTermination                 0x20000278   Data          20  tasks.o(.bss)
    xSuspendedTaskList                       0x2000028c   Data          20  tasks.o(.bss)
    .bss                                     0x200002a0   Section       40  timers.o(.bss)
    xActiveTimerList1                        0x200002a0   Data          20  timers.o(.bss)
    xActiveTimerList2                        0x200002b4   Data          20  timers.o(.bss)
    .bss                                     0x200002c8   Section    76800  heap_4.o(.bss)
    ucHeap                                   0x200002c8   Data       76800  heap_4.o(.bss)
    .bss                                     0x20012ec8   Section       96  libspace.o(.bss)
    HEAP                                     0x20012f28   Section      512  startup_stm32f40_41xxx.o(HEAP)
    Heap_Mem                                 0x20012f28   Data         512  startup_stm32f40_41xxx.o(HEAP)
    STACK                                    0x20013128   Section     1024  startup_stm32f40_41xxx.o(STACK)
    Stack_Mem                                0x20013128   Data        1024  startup_stm32f40_41xxx.o(STACK)
    __initial_sp                             0x20013528   Data           0  startup_stm32f40_41xxx.o(STACK)

    Global Symbols

    Symbol Name                              Value     Ov Type        Size  Object(Section)

    BuildAttributes$$THM_ISAv4$E$P$D$K$B$S$7EM$VFPi3$EXTD16$VFPS$VFMA$PE$A:L22UL41UL21$X:L11$S22US41US21$IEEE1$IW$USESV6$~STKCKD$USESV7$~SHL$OSPACE$ROPI$EBA8$UX$STANDARDLIB$REQ8$PRES8$EABIv2 0x00000000   Number         0  anon$$obj.o ABSOLUTE
    __ARM_use_no_argv                        0x00000000   Number         0  main.o ABSOLUTE
    __ARM_exceptions_init                     - Undefined Weak Reference
    __alloca_initialize                       - Undefined Weak Reference
    __arm_preinit_                            - Undefined Weak Reference
    __cpp_initialize__aeabi_                  - Undefined Weak Reference
    __cxa_finalize                            - Undefined Weak Reference
    __rt_locale                               - Undefined Weak Reference
    __sigvec_lookup                           - Undefined Weak Reference
    _atexit_init                              - Undefined Weak Reference
    _call_atexit_fns                          - Undefined Weak Reference
    _clock_init                               - Undefined Weak Reference
    _fp_trap_init                             - Undefined Weak Reference
    _fp_trap_shutdown                         - Undefined Weak Reference
    _get_lc_collate                           - Undefined Weak Reference
    _get_lc_ctype                             - Undefined Weak Reference
    _get_lc_monetary                          - Undefined Weak Reference
    _get_lc_numeric                           - Undefined Weak Reference
    _get_lc_time                              - Undefined Weak Reference
    _getenv_init                              - Undefined Weak Reference
    _handle_redirection                       - Undefined Weak Reference
    _init_alloc                               - Undefined Weak Reference
    _init_user_alloc                          - Undefined Weak Reference
    _initio                                   - Undefined Weak Reference
    _mutex_acquire                            - Undefined Weak Reference
    _mutex_release                            - Undefined Weak Reference
    _printf_mbtowc                            - Undefined Weak Reference
    _printf_post_padding                      - Undefined Weak Reference
    _printf_pre_padding                       - Undefined Weak Reference
    _rand_init                                - Undefined Weak Reference
    _signal_finish                            - Undefined Weak Reference
    _signal_init                              - Undefined Weak Reference
    _terminate_alloc                          - Undefined Weak Reference
    _terminate_user_alloc                     - Undefined Weak Reference
    _terminateio                              - Undefined Weak Reference
    __Vectors_Size                           0x00000188   Number         0  startup_stm32f40_41xxx.o ABSOLUTE
    __Vectors                                0x08000000   Data           4  startup_stm32f40_41xxx.o(RESET)
    __Vectors_End                            0x08000188   Data           0  startup_stm32f40_41xxx.o(RESET)
    __main                                   0x08000189   Thumb Code     8  __main.o(!!!main)
    __scatterload                            0x08000191   Thumb Code     0  __scatter.o(!!!scatter)
    __scatterload_rt2                        0x08000191   Thumb Code    44  __scatter.o(!!!scatter)
    __scatterload_rt2_thumb_only             0x08000191   Thumb Code     0  __scatter.o(!!!scatter)
    __scatterload_null                       0x0800019f   Thumb Code     0  __scatter.o(!!!scatter)
    __scatterload_copy                       0x080001c5   Thumb Code    26  __scatter_copy.o(!!handler_copy)
    __scatterload_zeroinit                   0x080001e1   Thumb Code    28  __scatter_zi.o(!!handler_zi)
    _printf_percent                          0x080001fd   Thumb Code     0  _printf_percent.o(.ARM.Collect$$_printf_percent$$00000000)
    _printf_s                                0x080001fd   Thumb Code     0  _printf_s.o(.ARM.Collect$$_printf_percent$$00000014)
    _printf_percent_end                      0x08000203   Thumb Code     0  _printf_percent_end.o(.ARM.Collect$$_printf_percent$$00000017)
    __rt_lib_init                            0x08000207   Thumb Code     0  libinit.o(.ARM.Collect$$libinit$$00000000)
    __rt_lib_init_fp_1                       0x08000209   Thumb Code     0  libinit2.o(.ARM.Collect$$libinit$$00000001)
    __rt_lib_init_alloca_1                   0x0800020d   Thumb Code     0  libinit2.o(.ARM.Collect$$libinit$$0000002E)
    __rt_lib_init_argv_1                     0x0800020d   Thumb Code     0  libinit2.o(.ARM.Collect$$libinit$$0000002C)
    __rt_lib_init_atexit_1                   0x0800020d   Thumb Code     0  libinit2.o(.ARM.Collect$$libinit$$0000001B)
    __rt_lib_init_clock_1                    0x0800020d   Thumb Code     0  libinit2.o(.ARM.Collect$$libinit$$00000021)
    __rt_lib_init_cpp_1                      0x0800020d   Thumb Code     0  libinit2.o(.ARM.Collect$$libinit$$00000032)
    __rt_lib_init_exceptions_1               0x0800020d   Thumb Code     0  libinit2.o(.ARM.Collect$$libinit$$00000030)
    __rt_lib_init_fp_trap_1                  0x0800020d   Thumb Code     0  libinit2.o(.ARM.Collect$$libinit$$0000001F)
    __rt_lib_init_getenv_1                   0x0800020d   Thumb Code     0  libinit2.o(.ARM.Collect$$libinit$$00000023)
    __rt_lib_init_heap_1                     0x0800020d   Thumb Code     0  libinit2.o(.ARM.Collect$$libinit$$0000000A)
    __rt_lib_init_lc_collate_1               0x0800020d   Thumb Code     0  libinit2.o(.ARM.Collect$$libinit$$00000011)
    __rt_lib_init_lc_ctype_1                 0x0800020d   Thumb Code     0  libinit2.o(.ARM.Collect$$libinit$$00000013)
    __rt_lib_init_lc_monetary_1              0x0800020d   Thumb Code     0  libinit2.o(.ARM.Collect$$libinit$$00000015)
    __rt_lib_init_lc_numeric_1               0x0800020d   Thumb Code     0  libinit2.o(.ARM.Collect$$libinit$$00000017)
    __rt_lib_init_lc_time_1                  0x0800020d   Thumb Code     0  libinit2.o(.ARM.Collect$$libinit$$00000019)
    __rt_lib_init_preinit_1                  0x0800020d   Thumb Code     0  libinit2.o(.ARM.Collect$$libinit$$00000004)
    __rt_lib_init_rand_1                     0x0800020d   Thumb Code     0  libinit2.o(.ARM.Collect$$libinit$$0000000E)
    __rt_lib_init_return                     0x0800020d   Thumb Code     0  libinit2.o(.ARM.Collect$$libinit$$00000033)
    __rt_lib_init_signal_1                   0x0800020d   Thumb Code     0  libinit2.o(.ARM.Collect$$libinit$$0000001D)
    __rt_lib_init_stdio_1                    0x0800020d   Thumb Code     0  libinit2.o(.ARM.Collect$$libinit$$00000025)
    __rt_lib_init_user_alloc_1               0x0800020d   Thumb Code     0  libinit2.o(.ARM.Collect$$libinit$$0000000C)
    __rt_lib_shutdown                        0x0800020f   Thumb Code     0  libshutdown.o(.ARM.Collect$$libshutdown$$00000000)
    __rt_lib_shutdown_fp_trap_1              0x08000211   Thumb Code     0  libshutdown2.o(.ARM.Collect$$libshutdown$$00000006)
    __rt_lib_shutdown_heap_1                 0x08000211   Thumb Code     0  libshutdown2.o(.ARM.Collect$$libshutdown$$0000000E)
    __rt_lib_shutdown_return                 0x08000211   Thumb Code     0  libshutdown2.o(.ARM.Collect$$libshutdown$$0000000F)
    __rt_lib_shutdown_signal_1               0x08000211   Thumb Code     0  libshutdown2.o(.ARM.Collect$$libshutdown$$00000009)
    __rt_lib_shutdown_stdio_1                0x08000211   Thumb Code     0  libshutdown2.o(.ARM.Collect$$libshutdown$$00000003)
    __rt_lib_shutdown_user_alloc_1           0x08000211   Thumb Code     0  libshutdown2.o(.ARM.Collect$$libshutdown$$0000000B)
    __rt_entry                               0x08000213   Thumb Code     0  __rtentry.o(.ARM.Collect$$rtentry$$00000000)
    __rt_entry_presh_1                       0x08000213   Thumb Code     0  __rtentry2.o(.ARM.Collect$$rtentry$$00000002)
    __rt_entry_sh                            0x08000213   Thumb Code     0  __rtentry4.o(.ARM.Collect$$rtentry$$00000004)
    __rt_entry_li                            0x08000219   Thumb Code     0  __rtentry2.o(.ARM.Collect$$rtentry$$0000000A)
    __rt_entry_postsh_1                      0x08000219   Thumb Code     0  __rtentry2.o(.ARM.Collect$$rtentry$$00000009)
    __rt_entry_main                          0x0800021d   Thumb Code     0  __rtentry2.o(.ARM.Collect$$rtentry$$0000000D)
    __rt_entry_postli_1                      0x0800021d   Thumb Code     0  __rtentry2.o(.ARM.Collect$$rtentry$$0000000C)
    __rt_exit                                0x08000225   Thumb Code     0  rtexit.o(.ARM.Collect$$rtexit$$00000000)
    __rt_exit_ls                             0x08000227   Thumb Code     0  rtexit2.o(.ARM.Collect$$rtexit$$00000003)
    __rt_exit_prels_1                        0x08000227   Thumb Code     0  rtexit2.o(.ARM.Collect$$rtexit$$00000002)
    __rt_exit_exit                           0x0800022b   Thumb Code     0  rtexit2.o(.ARM.Collect$$rtexit$$00000004)
    SVC_Handler                              0x08000231   Thumb Code    28  port.o(.emb_text)
    __asm___6_port_c_39a90d8d__prvStartFirstTask 0x08000251   Thumb Code    28  port.o(.emb_text)
    __asm___6_port_c_39a90d8d__prvEnableVFP  0x08000271   Thumb Code    16  port.o(.emb_text)
    PendSV_Handler                           0x08000285   Thumb Code    88  port.o(.emb_text)
    vPortGetIPSR                             0x080002e1   Thumb Code     6  port.o(.emb_text)
    Reset_Handler                            0x080002e9   Thumb Code     8  startup_stm32f40_41xxx.o(.text)
    ADC_IRQHandler                           0x08000303   Thumb Code     0  startup_stm32f40_41xxx.o(.text)
    CAN1_RX0_IRQHandler                      0x08000303   Thumb Code     0  startup_stm32f40_41xxx.o(.text)
    CAN1_RX1_IRQHandler                      0x08000303   Thumb Code     0  startup_stm32f40_41xxx.o(.text)
    CAN1_SCE_IRQHandler                      0x08000303   Thumb Code     0  startup_stm32f40_41xxx.o(.text)
    CAN1_TX_IRQHandler                       0x08000303   Thumb Code     0  startup_stm32f40_41xxx.o(.text)
    CAN2_RX0_IRQHandler                      0x08000303   Thumb Code     0  startup_stm32f40_41xxx.o(.text)
    CAN2_RX1_IRQHandler                      0x08000303   Thumb Code     0  startup_stm32f40_41xxx.o(.text)
    CAN2_SCE_IRQHandler                      0x08000303   Thumb Code     0  startup_stm32f40_41xxx.o(.text)
    CAN2_TX_IRQHandler                       0x08000303   Thumb Code     0  startup_stm32f40_41xxx.o(.text)
    CRYP_IRQHandler                          0x08000303   Thumb Code     0  startup_stm32f40_41xxx.o(.text)
    DCMI_IRQHandler                          0x08000303   Thumb Code     0  startup_stm32f40_41xxx.o(.text)
    DMA1_Stream0_IRQHandler                  0x08000303   Thumb Code     0  startup_stm32f40_41xxx.o(.text)
    DMA1_Stream1_IRQHandler                  0x08000303   Thumb Code     0  startup_stm32f40_41xxx.o(.text)
    DMA1_Stream2_IRQHandler                  0x08000303   Thumb Code     0  startup_stm32f40_41xxx.o(.text)
    DMA1_Stream3_IRQHandler                  0x08000303   Thumb Code     0  startup_stm32f40_41xxx.o(.text)
    DMA1_Stream4_IRQHandler                  0x08000303   Thumb Code     0  startup_stm32f40_41xxx.o(.text)
    DMA1_Stream5_IRQHandler                  0x08000303   Thumb Code     0  startup_stm32f40_41xxx.o(.text)
    DMA1_Stream6_IRQHandler                  0x08000303   Thumb Code     0  startup_stm32f40_41xxx.o(.text)
    DMA1_Stream7_IRQHandler                  0x08000303   Thumb Code     0  startup_stm32f40_41xxx.o(.text)
    DMA2_Stream0_IRQHandler                  0x08000303   Thumb Code     0  startup_stm32f40_41xxx.o(.text)
    DMA2_Stream1_IRQHandler                  0x08000303   Thumb Code     0  startup_stm32f40_41xxx.o(.text)
    DMA2_Stream2_IRQHandler                  0x08000303   Thumb Code     0  startup_stm32f40_41xxx.o(.text)
    DMA2_Stream3_IRQHandler                  0x08000303   Thumb Code     0  startup_stm32f40_41xxx.o(.text)
    DMA2_Stream4_IRQHandler                  0x08000303   Thumb Code     0  startup_stm32f40_41xxx.o(.text)
    DMA2_Stream5_IRQHandler                  0x08000303   Thumb Code     0  startup_stm32f40_41xxx.o(.text)
    DMA2_Stream6_IRQHandler                  0x08000303   Thumb Code     0  startup_stm32f40_41xxx.o(.text)
    DMA2_Stream7_IRQHandler                  0x08000303   Thumb Code     0  startup_stm32f40_41xxx.o(.text)
    ETH_IRQHandler                           0x08000303   Thumb Code     0  startup_stm32f40_41xxx.o(.text)
    ETH_WKUP_IRQHandler                      0x08000303   Thumb Code     0  startup_stm32f40_41xxx.o(.text)
    EXTI0_IRQHandler                         0x08000303   Thumb Code     0  startup_stm32f40_41xxx.o(.text)
    EXTI15_10_IRQHandler                     0x08000303   Thumb Code     0  startup_stm32f40_41xxx.o(.text)
    EXTI1_IRQHandler                         0x08000303   Thumb Code     0  startup_stm32f40_41xxx.o(.text)
    EXTI2_IRQHandler                         0x08000303   Thumb Code     0  startup_stm32f40_41xxx.o(.text)
    EXTI3_IRQHandler                         0x08000303   Thumb Code     0  startup_stm32f40_41xxx.o(.text)
    EXTI4_IRQHandler                         0x08000303   Thumb Code     0  startup_stm32f40_41xxx.o(.text)
    EXTI9_5_IRQHandler                       0x08000303   Thumb Code     0  startup_stm32f40_41xxx.o(.text)
    FLASH_IRQHandler                         0x08000303   Thumb Code     0  startup_stm32f40_41xxx.o(.text)
    FPU_IRQHandler                           0x08000303   Thumb Code     0  startup_stm32f40_41xxx.o(.text)
    FSMC_IRQHandler                          0x08000303   Thumb Code     0  startup_stm32f40_41xxx.o(.text)
    HASH_RNG_IRQHandler                      0x08000303   Thumb Code     0  startup_stm32f40_41xxx.o(.text)
    I2C1_ER_IRQHandler                       0x08000303   Thumb Code     0  startup_stm32f40_41xxx.o(.text)
    I2C1_EV_IRQHandler                       0x08000303   Thumb Code     0  startup_stm32f40_41xxx.o(.text)
    I2C2_ER_IRQHandler                       0x08000303   Thumb Code     0  startup_stm32f40_41xxx.o(.text)
    I2C2_EV_IRQHandler                       0x08000303   Thumb Code     0  startup_stm32f40_41xxx.o(.text)
    I2C3_ER_IRQHandler                       0x08000303   Thumb Code     0  startup_stm32f40_41xxx.o(.text)
    I2C3_EV_IRQHandler                       0x08000303   Thumb Code     0  startup_stm32f40_41xxx.o(.text)
    OTG_FS_IRQHandler                        0x08000303   Thumb Code     0  startup_stm32f40_41xxx.o(.text)
    OTG_FS_WKUP_IRQHandler                   0x08000303   Thumb Code     0  startup_stm32f40_41xxx.o(.text)
    OTG_HS_EP1_IN_IRQHandler                 0x08000303   Thumb Code     0  startup_stm32f40_41xxx.o(.text)
    OTG_HS_EP1_OUT_IRQHandler                0x08000303   Thumb Code     0  startup_stm32f40_41xxx.o(.text)
    OTG_HS_IRQHandler                        0x08000303   Thumb Code     0  startup_stm32f40_41xxx.o(.text)
    OTG_HS_WKUP_IRQHandler                   0x08000303   Thumb Code     0  startup_stm32f40_41xxx.o(.text)
    PVD_IRQHandler                           0x08000303   Thumb Code     0  startup_stm32f40_41xxx.o(.text)
    RCC_IRQHandler                           0x08000303   Thumb Code     0  startup_stm32f40_41xxx.o(.text)
    RTC_Alarm_IRQHandler                     0x08000303   Thumb Code     0  startup_stm32f40_41xxx.o(.text)
    RTC_WKUP_IRQHandler                      0x08000303   Thumb Code     0  startup_stm32f40_41xxx.o(.text)
    SDIO_IRQHandler                          0x08000303   Thumb Code     0  startup_stm32f40_41xxx.o(.text)
    SPI1_IRQHandler                          0x08000303   Thumb Code     0  startup_stm32f40_41xxx.o(.text)
    SPI2_IRQHandler                          0x08000303   Thumb Code     0  startup_stm32f40_41xxx.o(.text)
    SPI3_IRQHandler                          0x08000303   Thumb Code     0  startup_stm32f40_41xxx.o(.text)
    TAMP_STAMP_IRQHandler                    0x08000303   Thumb Code     0  startup_stm32f40_41xxx.o(.text)
    TIM1_BRK_TIM9_IRQHandler                 0x08000303   Thumb Code     0  startup_stm32f40_41xxx.o(.text)
    TIM1_CC_IRQHandler                       0x08000303   Thumb Code     0  startup_stm32f40_41xxx.o(.text)
    TIM1_TRG_COM_TIM11_IRQHandler            0x08000303   Thumb Code     0  startup_stm32f40_41xxx.o(.text)
    TIM1_UP_TIM10_IRQHandler                 0x08000303   Thumb Code     0  startup_stm32f40_41xxx.o(.text)
    TIM2_IRQHandler                          0x08000303   Thumb Code     0  startup_stm32f40_41xxx.o(.text)
    TIM3_IRQHandler                          0x08000303   Thumb Code     0  startup_stm32f40_41xxx.o(.text)
    TIM4_IRQHandler                          0x08000303   Thumb Code     0  startup_stm32f40_41xxx.o(.text)
    TIM5_IRQHandler                          0x08000303   Thumb Code     0  startup_stm32f40_41xxx.o(.text)
    TIM6_DAC_IRQHandler                      0x08000303   Thumb Code     0  startup_stm32f40_41xxx.o(.text)
    TIM7_IRQHandler                          0x08000303   Thumb Code     0  startup_stm32f40_41xxx.o(.text)
    TIM8_BRK_TIM12_IRQHandler                0x08000303   Thumb Code     0  startup_stm32f40_41xxx.o(.text)
    TIM8_CC_IRQHandler                       0x08000303   Thumb Code     0  startup_stm32f40_41xxx.o(.text)
    TIM8_TRG_COM_TIM14_IRQHandler            0x08000303   Thumb Code     0  startup_stm32f40_41xxx.o(.text)
    TIM8_UP_TIM13_IRQHandler                 0x08000303   Thumb Code     0  startup_stm32f40_41xxx.o(.text)
    UART4_IRQHandler                         0x08000303   Thumb Code     0  startup_stm32f40_41xxx.o(.text)
    UART5_IRQHandler                         0x08000303   Thumb Code     0  startup_stm32f40_41xxx.o(.text)
    USART2_IRQHandler                        0x08000303   Thumb Code     0  startup_stm32f40_41xxx.o(.text)
    USART3_IRQHandler                        0x08000303   Thumb Code     0  startup_stm32f40_41xxx.o(.text)
    USART6_IRQHandler                        0x08000303   Thumb Code     0  startup_stm32f40_41xxx.o(.text)
    WWDG_IRQHandler                          0x08000303   Thumb Code     0  startup_stm32f40_41xxx.o(.text)
    __user_initial_stackheap                 0x08000305   Thumb Code     0  startup_stm32f40_41xxx.o(.text)
    __use_no_semihosting                     0x08000329   Thumb Code     2  use_no_semi_2.o(.text)
    __2printf                                0x0800032d   Thumb Code    20  noretval__2printf.o(.text)
    __2sprintf                               0x08000345   Thumb Code    34  noretval__2sprintf.o(.text)
    __printf                                 0x0800036d   Thumb Code   104  __printf.o(.text)
    _printf_str                              0x080003d5   Thumb Code    82  _printf_str.o(.text)
    __aeabi_memcpy                           0x08000427   Thumb Code     0  rt_memcpy_v6.o(.text)
    __rt_memcpy                              0x08000427   Thumb Code   138  rt_memcpy_v6.o(.text)
    _memcpy_lastbytes                        0x0800048d   Thumb Code     0  rt_memcpy_v6.o(.text)
    __aeabi_memset                           0x080004b1   Thumb Code    16  aeabi_memset.o(.text)
    __aeabi_memclr                           0x080004c1   Thumb Code     0  rt_memclr.o(.text)
    __rt_memclr                              0x080004c1   Thumb Code    68  rt_memclr.o(.text)
    _memset                                  0x080004c5   Thumb Code     0  rt_memclr.o(.text)
    strcmp                                   0x08000505   Thumb Code   128  strcmpv7m.o(.text)
    __use_two_region_memory                  0x08000585   Thumb Code     2  heapauxi.o(.text)
    __rt_heap_escrow$2region                 0x08000587   Thumb Code     2  heapauxi.o(.text)
    __rt_heap_expand$2region                 0x08000589   Thumb Code     2  heapauxi.o(.text)
    __I$use$semihosting                      0x0800058b   Thumb Code     0  use_no_semi.o(.text)
    __use_no_semihosting_swi                 0x0800058b   Thumb Code     2  use_no_semi.o(.text)
    _printf_char_common                      0x08000597   Thumb Code    32  _printf_char_common.o(.text)
    _sputc                                   0x080005bd   Thumb Code    10  _sputc.o(.text)
    _printf_cs_common                        0x080005c7   Thumb Code    20  _printf_char.o(.text)
    _printf_char                             0x080005db   Thumb Code    16  _printf_char.o(.text)
    _printf_string                           0x080005eb   Thumb Code     8  _printf_char.o(.text)
    _printf_char_file                        0x080005f5   Thumb Code    32  _printf_char_file.o(.text)
    __aeabi_memcpy4                          0x08000619   Thumb Code     0  rt_memcpy_w.o(.text)
    __aeabi_memcpy8                          0x08000619   Thumb Code     0  rt_memcpy_w.o(.text)
    __rt_memcpy_w                            0x08000619   Thumb Code   100  rt_memcpy_w.o(.text)
    _memcpy_lastbytes_aligned                0x08000661   Thumb Code     0  rt_memcpy_w.o(.text)
    __aeabi_memclr4                          0x0800067d   Thumb Code     0  rt_memclr_w.o(.text)
    __aeabi_memclr8                          0x0800067d   Thumb Code     0  rt_memclr_w.o(.text)
    __rt_memclr_w                            0x0800067d   Thumb Code    78  rt_memclr_w.o(.text)
    _memset_w                                0x08000681   Thumb Code     0  rt_memclr_w.o(.text)
    ferror                                   0x080006cb   Thumb Code     8  ferror.o(.text)
    __user_setup_stackheap                   0x080006d3   Thumb Code    74  sys_stackheap_outer.o(.text)
    exit                                     0x0800071d   Thumb Code    12  exit.o(.text)
    __user_libspace                          0x08000729   Thumb Code     8  libspace.o(.text)
    __user_perproc_libspace                  0x08000729   Thumb Code     0  libspace.o(.text)
    __user_perthread_libspace                0x08000729   Thumb Code     0  libspace.o(.text)
    BusFault_Handler                         0x08000731   Thumb Code     4  stm32f4xx_it.o(i.BusFault_Handler)
    DebugMon_Handler                         0x08000735   Thumb Code     2  stm32f4xx_it.o(i.DebugMon_Handler)
    FSMC_NORSRAMCmd                          0x08000739   Thumb Code    46  stm32f4xx_fsmc.o(i.FSMC_NORSRAMCmd)
    FSMC_NORSRAMInit                         0x0800076d   Thumb Code   230  stm32f4xx_fsmc.o(i.FSMC_NORSRAMInit)
    GPIO_Init                                0x08000853   Thumb Code   144  stm32f4xx_gpio.o(i.GPIO_Init)
    GPIO_PinAFConfig                         0x080008e3   Thumb Code    70  stm32f4xx_gpio.o(i.GPIO_PinAFConfig)
    GPIO_SetBits                             0x08000929   Thumb Code     4  stm32f4xx_gpio.o(i.GPIO_SetBits)
    HardFault_Handler                        0x0800092d   Thumb Code     4  stm32f4xx_it.o(i.HardFault_Handler)
    LCD_Clear                                0x08000931   Thumb Code   102  lcd.o(i.LCD_Clear)
    LCD_Display_Dir                          0x0800099d   Thumb Code   444  lcd.o(i.LCD_Display_Dir)
    LCD_DrawPoint                            0x08000b5d   Thumb Code    30  lcd.o(i.LCD_DrawPoint)
    LCD_Draw_Circle                          0x08000b81   Thumb Code   152  lcd.o(i.LCD_Draw_Circle)
    LCD_FSMCConf                             0x08000c19   Thumb Code    96  lcd.o(i.LCD_FSMCConf)
    LCD_Fast_DrawPoint                       0x08000c79   Thumb Code   372  lcd.o(i.LCD_Fast_DrawPoint)
    LCD_Init                                 0x08000df1   Thumb Code 14124  lcd.o(i.LCD_Init)
    LCD_LineConf                             0x08004525   Thumb Code   286  lcd.o(i.LCD_LineConf)
    LCD_RD_DATA                              0x08004655   Thumb Code    16  lcd.o(i.LCD_RD_DATA)
    LCD_ReadReg                              0x08004665   Thumb Code    22  lcd.o(i.LCD_ReadReg)
    LCD_SSD_BackLightSet                     0x0800467d   Thumb Code    88  lcd.o(i.LCD_SSD_BackLightSet)
    LCD_Scan_Dir                             0x080046dd   Thumb Code   744  lcd.o(i.LCD_Scan_Dir)
    LCD_SetCursor                            0x080049c9   Thumb Code   418  lcd.o(i.LCD_SetCursor)
    LCD_ShowChar                             0x08004b71   Thumb Code   272  lcd.o(i.LCD_ShowChar)
    LCD_ShowString                           0x08004c99   Thumb Code   102  lcd.o(i.LCD_ShowString)
    LCD_WR_DATA                              0x08004cff   Thumb Code    20  lcd.o(i.LCD_WR_DATA)
    LCD_WR_REG                               0x08004d13   Thumb Code    20  lcd.o(i.LCD_WR_REG)
    LCD_WriteRAM_Prepare                     0x08004d29   Thumb Code    12  lcd.o(i.LCD_WriteRAM_Prepare)
    LCD_WriteReg                             0x08004d39   Thumb Code    10  lcd.o(i.LCD_WriteReg)
    LED_Init                                 0x08004d45   Thumb Code    54  led.o(i.LED_Init)
    MemManage_Handler                        0x08004d81   Thumb Code     4  stm32f4xx_it.o(i.MemManage_Handler)
    NMI_Handler                              0x08004d85   Thumb Code     2  stm32f4xx_it.o(i.NMI_Handler)
    NVIC_Init                                0x08004d89   Thumb Code   106  misc.o(i.NVIC_Init)
    NVIC_PriorityGroupConfig                 0x08004e01   Thumb Code    10  misc.o(i.NVIC_PriorityGroupConfig)
    RCC_AHB1PeriphClockCmd                   0x08004e15   Thumb Code    26  stm32f4xx_rcc.o(i.RCC_AHB1PeriphClockCmd)
    RCC_AHB3PeriphClockCmd                   0x08004e35   Thumb Code    26  stm32f4xx_rcc.o(i.RCC_AHB3PeriphClockCmd)
    RCC_APB2PeriphClockCmd                   0x08004e55   Thumb Code    26  stm32f4xx_rcc.o(i.RCC_APB2PeriphClockCmd)
    RCC_GetClocksFreq                        0x08004e75   Thumb Code   214  stm32f4xx_rcc.o(i.RCC_GetClocksFreq)
    SysTick_CLKSourceConfig                  0x08005049   Thumb Code    40  misc.o(i.SysTick_CLKSourceConfig)
    SysTick_Handler                          0x08005071   Thumb Code    16  delay.o(i.SysTick_Handler)
    SystemInit                               0x08005081   Thumb Code    88  system_stm32f4xx.o(i.SystemInit)
    USART1_IRQHandler                        0x080050e9   Thumb Code   168  usart.o(i.USART1_IRQHandler)
    USART_Cmd                                0x080051a5   Thumb Code    24  stm32f4xx_usart.o(i.USART_Cmd)
    USART_GetITStatus                        0x080051bd   Thumb Code    84  stm32f4xx_usart.o(i.USART_GetITStatus)
    USART_ITConfig                           0x08005211   Thumb Code    74  stm32f4xx_usart.o(i.USART_ITConfig)
    USART_Init                               0x0800525d   Thumb Code   204  stm32f4xx_usart.o(i.USART_Init)
    USART_ReceiveData                        0x08005331   Thumb Code    10  stm32f4xx_usart.o(i.USART_ReceiveData)
    UsageFault_Handler                       0x0800533b   Thumb Code     4  stm32f4xx_it.o(i.UsageFault_Handler)
    _sys_exit                                0x0800533f   Thumb Code     6  usart.o(i._sys_exit)
    delay_init                               0x08005345   Thumb Code    58  delay.o(i.delay_init)
    delay_ms                                 0x08005389   Thumb Code    60  delay.o(i.delay_ms)
    delay_us                                 0x080053c9   Thumb Code    68  delay.o(i.delay_us)
    fputc                                    0x08005411   Thumb Code    22  usart.o(i.fputc)
    lcd_task                                 0x0800542d   Thumb Code    44  main.o(i.lcd_task)
    led0_task                                0x08005471   Thumb Code    24  main.o(i.led0_task)
    main                                     0x08005491   Thumb Code    76  main.o(i.main)
    pvPortMalloc                             0x08005e79   Thumb Code   296  heap_4.o(i.pvPortMalloc)
    pvTaskIncrementMutexHeldCount            0x08005fb5   Thumb Code    26  tasks.o(i.pvTaskIncrementMutexHeldCount)
    pxPortInitialiseStack                    0x08005fd5   Thumb Code    38  port.o(i.pxPortInitialiseStack)
    start_task                               0x08006001   Thumb Code    96  main.o(i.start_task)
    uart_init                                0x080060a5   Thumb Code   166  usart.o(i.uart_init)
    uart_task                                0x08006155   Thumb Code   128  main.o(i.uart_task)
    uxListRemove                             0x08006221   Thumb Code    40  list.o(i.uxListRemove)
    vListInitialise                          0x08006249   Thumb Code    26  list.o(i.vListInitialise)
    vListInitialiseItem                      0x08006263   Thumb Code     6  list.o(i.vListInitialiseItem)
    vListInsert                              0x08006269   Thumb Code    52  list.o(i.vListInsert)
    vListInsertEnd                           0x0800629d   Thumb Code    24  list.o(i.vListInsertEnd)
    vPortEnterCritical                       0x080062b5   Thumb Code    76  port.o(i.vPortEnterCritical)
    vPortExitCritical                        0x08006309   Thumb Code    56  port.o(i.vPortExitCritical)
    vPortFree                                0x08006345   Thumb Code   140  heap_4.o(i.vPortFree)
    vPortSetupTimerInterrupt                 0x080063d9   Thumb Code    26  port.o(i.vPortSetupTimerInterrupt)
    vPortValidateInterruptPriority           0x080063f9   Thumb Code   106  port.o(i.vPortValidateInterruptPriority)
    vQueueAddToRegistry                      0x08006471   Thumb Code    38  queue.o(i.vQueueAddToRegistry)
    vQueueWaitForMessageRestricted           0x0800649d   Thumb Code    74  queue.o(i.vQueueWaitForMessageRestricted)
    vTaskDelay                               0x080064e9   Thumb Code    82  tasks.o(i.vTaskDelay)
    vTaskDelete                              0x08006545   Thumb Code   202  tasks.o(i.vTaskDelete)
    vTaskMissedYield                         0x08006639   Thumb Code     8  tasks.o(i.vTaskMissedYield)
    vTaskPlaceOnEventList                    0x08006645   Thumb Code    52  tasks.o(i.vTaskPlaceOnEventList)
    vTaskPlaceOnEventListRestricted          0x0800667d   Thumb Code    60  tasks.o(i.vTaskPlaceOnEventListRestricted)
    vTaskPriorityInherit                     0x080066bd   Thumb Code   164  tasks.o(i.vTaskPriorityInherit)
    vTaskSetTimeOutState                     0x0800676d   Thumb Code    38  tasks.o(i.vTaskSetTimeOutState)
    vTaskStartScheduler                      0x0800679d   Thumb Code   118  tasks.o(i.vTaskStartScheduler)
    vTaskSuspendAll                          0x08006831   Thumb Code    12  tasks.o(i.vTaskSuspendAll)
    vTaskSwitchContext                       0x08006841   Thumb Code   118  tasks.o(i.vTaskSwitchContext)
    xPortStartScheduler                      0x080068cd   Thumb Code   288  port.o(i.xPortStartScheduler)
    xPortSysTickHandler                      0x08006a09   Thumb Code    46  port.o(i.xPortSysTickHandler)
    xQueueGenericCreate                      0x08006a3d   Thumb Code    88  queue.o(i.xQueueGenericCreate)
    xQueueGenericReceive                     0x08006a95   Thumb Code   446  queue.o(i.xQueueGenericReceive)
    xQueueGenericReset                       0x08006c59   Thumb Code   146  queue.o(i.xQueueGenericReset)
    xQueueGenericSend                        0x08006cf1   Thumb Code   420  queue.o(i.xQueueGenericSend)
    xQueueGenericSendFromISR                 0x08006e99   Thumb Code   248  queue.o(i.xQueueGenericSendFromISR)
    xQueueGiveFromISR                        0x08006f91   Thumb Code   224  queue.o(i.xQueueGiveFromISR)
    xTaskCheckForTimeOut                     0x08007071   Thumb Code   132  tasks.o(i.xTaskCheckForTimeOut)
    xTaskCreate                              0x080070fd   Thumb Code    96  tasks.o(i.xTaskCreate)
    xTaskGetSchedulerState                   0x0800715d   Thumb Code    24  tasks.o(i.xTaskGetSchedulerState)
    xTaskGetTickCount                        0x0800717d   Thumb Code     6  tasks.o(i.xTaskGetTickCount)
    xTaskIncrementTick                       0x08007189   Thumb Code   282  tasks.o(i.xTaskIncrementTick)
    xTaskPriorityDisinherit                  0x080072d1   Thumb Code   188  tasks.o(i.xTaskPriorityDisinherit)
    xTaskRemoveFromEventList                 0x08007399   Thumb Code   128  tasks.o(i.xTaskRemoveFromEventList)
    xTaskResumeAll                           0x08007431   Thumb Code   224  tasks.o(i.xTaskResumeAll)
    xTimerCreateTimerTask                    0x08007535   Thumb Code    66  timers.o(i.xTimerCreateTimerTask)
    xTimerGenericCommand                     0x0800758d   Thumb Code   126  timers.o(i.xTimerGenericCommand)
    __aeabi_d2uiz                            0x08007611   Thumb Code     0  dfixu.o(x$fpl$dfixu)
    _dfixu                                   0x08007611   Thumb Code    90  dfixu.o(x$fpl$dfixu)
    __aeabi_ui2d                             0x0800766b   Thumb Code     0  dflt_clz.o(x$fpl$dfltu)
    _dfltu                                   0x0800766b   Thumb Code    38  dflt_clz.o(x$fpl$dfltu)
    __aeabi_dmul                             0x08007691   Thumb Code     0  dmul.o(x$fpl$dmul)
    _dmul                                    0x08007691   Thumb Code   332  dmul.o(x$fpl$dmul)
    __fpl_dnaninf                            0x080077e5   Thumb Code   156  dnaninf.o(x$fpl$dnaninf)
    __fpl_dretinf                            0x08007881   Thumb Code    12  dretinf.o(x$fpl$dretinf)
    _fp_init                                 0x0800788d   Thumb Code    10  fpinit.o(x$fpl$fpinit)
    __fplib_config_fpu_vfp                   0x08007895   Thumb Code     0  fpinit.o(x$fpl$fpinit)
    __fplib_config_pureend_doubles           0x08007895   Thumb Code     0  fpinit.o(x$fpl$fpinit)
    __I$use$fp                               0x08007896   Number         0  usenofp.o(x$fpl$usenofp)
    asc2_1206                                0x08007896   Data        1140  lcd.o(.constdata)
    asc2_1608                                0x08007d0a   Data        1520  lcd.o(.constdata)
    asc2_2412                                0x080082fa   Data        3420  lcd.o(.constdata)
    Region$$Table$$Base                      0x08009058   Number         0  anon$$obj.o(Region$$Table)
    Region$$Table$$Limit                     0x08009078   Number         0  anon$$obj.o(Region$$Table)
    StartTask_Handler                        0x20000000   Data           4  main.o(.data)
    LED0Task_Handler                         0x20000004   Data           4  main.o(.data)
    LCDTask_Handler                          0x20000008   Data           4  main.o(.data)
    UARTTask_Handler                         0x2000000c   Data           4  main.o(.data)
    BinarySemaphore                          0x20000010   Data           4  main.o(.data)
    SystemCoreClock                          0x20000014   Data           4  system_stm32f4xx.o(.data)
    AHBPrescTable                            0x20000018   Data          16  system_stm32f4xx.o(.data)
    lcdid                                    0x20000028   Data           4  lcd.o(.data)
    POINT_COLOR                              0x2000002c   Data           2  lcd.o(.data)
    BACK_COLOR                               0x2000002e   Data           2  lcd.o(.data)
    __stdout                                 0x20000034   Data           4  usart.o(.data)
    USART_RX_STA                             0x20000038   Data           2  usart.o(.data)
    pxCurrentTCB                             0x2000004c   Data           4  tasks.o(.data)
    lcddev                                   0x200000c0   Data          14  lcd.o(.bss)
    USART_RX_BUF                             0x200000ce   Data         200  usart.o(.bss)
    xQueueRegistry                           0x20000198   Data          64  queue.o(.bss)
    __libspace_start                         0x20012ec8   Data          96  libspace.o(.bss)
    __temporary_stack_top$libspace           0x20012f28   Data           0  libspace.o(.bss)



==============================================================================

Memory Map of the image

  Image Entry point : 0x08000189

  Load Region LR_IROM1 (Base: 0x08000000, Size: 0x00009138, Max: 0x00100000, ABSOLUTE)

    Execution Region ER_IROM1 (Base: 0x08000000, Size: 0x00009078, Max: 0x00100000, ABSOLUTE)

    Base Addr    Size         Type   Attr      Idx    E Section Name        Object

    0x08000000   0x00000188   Data   RO          705    RESET               startup_stm32f40_41xxx.o
    0x08000188   0x00000008   Code   RO         2545  * !!!main             c_w.l(__main.o)
    0x08000190   0x00000034   Code   RO         2735    !!!scatter          c_w.l(__scatter.o)
    0x080001c4   0x0000001a   Code   RO         2737    !!handler_copy      c_w.l(__scatter_copy.o)
    0x080001de   0x00000002   PAD
    0x080001e0   0x0000001c   Code   RO         2739    !!handler_zi        c_w.l(__scatter_zi.o)
    0x080001fc   0x00000000   Code   RO         2534    .ARM.Collect$$_printf_percent$$00000000  c_w.l(_printf_percent.o)
    0x080001fc   0x00000006   Code   RO         2533    .ARM.Collect$$_printf_percent$$00000014  c_w.l(_printf_s.o)
    0x08000202   0x00000004   Code   RO         2570    .ARM.Collect$$_printf_percent$$00000017  c_w.l(_printf_percent_end.o)
    0x08000206   0x00000002   Code   RO         2610    .ARM.Collect$$libinit$$00000000  c_w.l(libinit.o)
    0x08000208   0x00000004   Code   RO         2616    .ARM.Collect$$libinit$$00000001  c_w.l(libinit2.o)
    0x0800020c   0x00000000   Code   RO         2619    .ARM.Collect$$libinit$$00000004  c_w.l(libinit2.o)
    0x0800020c   0x00000000   Code   RO         2622    .ARM.Collect$$libinit$$0000000A  c_w.l(libinit2.o)
    0x0800020c   0x00000000   Code   RO         2624    .ARM.Collect$$libinit$$0000000C  c_w.l(libinit2.o)
    0x0800020c   0x00000000   Code   RO         2626    .ARM.Collect$$libinit$$0000000E  c_w.l(libinit2.o)
    0x0800020c   0x00000000   Code   RO         2629    .ARM.Collect$$libinit$$00000011  c_w.l(libinit2.o)
    0x0800020c   0x00000000   Code   RO         2631    .ARM.Collect$$libinit$$00000013  c_w.l(libinit2.o)
    0x0800020c   0x00000000   Code   RO         2633    .ARM.Collect$$libinit$$00000015  c_w.l(libinit2.o)
    0x0800020c   0x00000000   Code   RO         2635    .ARM.Collect$$libinit$$00000017  c_w.l(libinit2.o)
    0x0800020c   0x00000000   Code   RO         2637    .ARM.Collect$$libinit$$00000019  c_w.l(libinit2.o)
    0x0800020c   0x00000000   Code   RO         2639    .ARM.Collect$$libinit$$0000001B  c_w.l(libinit2.o)
    0x0800020c   0x00000000   Code   RO         2641    .ARM.Collect$$libinit$$0000001D  c_w.l(libinit2.o)
    0x0800020c   0x00000000   Code   RO         2643    .ARM.Collect$$libinit$$0000001F  c_w.l(libinit2.o)
    0x0800020c   0x00000000   Code   RO         2645    .ARM.Collect$$libinit$$00000021  c_w.l(libinit2.o)
    0x0800020c   0x00000000   Code   RO         2647    .ARM.Collect$$libinit$$00000023  c_w.l(libinit2.o)
    0x0800020c   0x00000000   Code   RO         2649    .ARM.Collect$$libinit$$00000025  c_w.l(libinit2.o)
    0x0800020c   0x00000000   Code   RO         2653    .ARM.Collect$$libinit$$0000002C  c_w.l(libinit2.o)
    0x0800020c   0x00000000   Code   RO         2655    .ARM.Collect$$libinit$$0000002E  c_w.l(libinit2.o)
    0x0800020c   0x00000000   Code   RO         2657    .ARM.Collect$$libinit$$00000030  c_w.l(libinit2.o)
    0x0800020c   0x00000000   Code   RO         2659    .ARM.Collect$$libinit$$00000032  c_w.l(libinit2.o)
    0x0800020c   0x00000002   Code   RO         2660    .ARM.Collect$$libinit$$00000033  c_w.l(libinit2.o)
    0x0800020e   0x00000002   Code   RO         2678    .ARM.Collect$$libshutdown$$00000000  c_w.l(libshutdown.o)
    0x08000210   0x00000000   Code   RO         2689    .ARM.Collect$$libshutdown$$00000003  c_w.l(libshutdown2.o)
    0x08000210   0x00000000   Code   RO         2692    .ARM.Collect$$libshutdown$$00000006  c_w.l(libshutdown2.o)
    0x08000210   0x00000000   Code   RO         2695    .ARM.Collect$$libshutdown$$00000009  c_w.l(libshutdown2.o)
    0x08000210   0x00000000   Code   RO         2697    .ARM.Collect$$libshutdown$$0000000B  c_w.l(libshutdown2.o)
    0x08000210   0x00000000   Code   RO         2700    .ARM.Collect$$libshutdown$$0000000E  c_w.l(libshutdown2.o)
    0x08000210   0x00000002   Code   RO         2701    .ARM.Collect$$libshutdown$$0000000F  c_w.l(libshutdown2.o)
    0x08000212   0x00000000   Code   RO         2561    .ARM.Collect$$rtentry$$00000000  c_w.l(__rtentry.o)
    0x08000212   0x00000000   Code   RO         2581    .ARM.Collect$$rtentry$$00000002  c_w.l(__rtentry2.o)
    0x08000212   0x00000006   Code   RO         2593    .ARM.Collect$$rtentry$$00000004  c_w.l(__rtentry4.o)
    0x08000218   0x00000000   Code   RO         2583    .ARM.Collect$$rtentry$$00000009  c_w.l(__rtentry2.o)
    0x08000218   0x00000004   Code   RO         2584    .ARM.Collect$$rtentry$$0000000A  c_w.l(__rtentry2.o)
    0x0800021c   0x00000000   Code   RO         2586    .ARM.Collect$$rtentry$$0000000C  c_w.l(__rtentry2.o)
    0x0800021c   0x00000008   Code   RO         2587    .ARM.Collect$$rtentry$$0000000D  c_w.l(__rtentry2.o)
    0x08000224   0x00000002   Code   RO         2614    .ARM.Collect$$rtexit$$00000000  c_w.l(rtexit.o)
    0x08000226   0x00000000   Code   RO         2662    .ARM.Collect$$rtexit$$00000002  c_w.l(rtexit2.o)
    0x08000226   0x00000004   Code   RO         2663    .ARM.Collect$$rtexit$$00000003  c_w.l(rtexit2.o)
    0x0800022a   0x00000006   Code   RO         2664    .ARM.Collect$$rtexit$$00000004  c_w.l(rtexit2.o)
    0x08000230   0x000000b6   Code   RO         2420    .emb_text           port.o
    0x080002e6   0x00000002   PAD
    0x080002e8   0x00000040   Code   RO          706    .text               startup_stm32f40_41xxx.o
    0x08000328   0x00000002   Code   RO         2499    .text               c_w.l(use_no_semi_2.o)
    0x0800032a   0x00000002   PAD
    0x0800032c   0x00000018   Code   RO         2505    .text               c_w.l(noretval__2printf.o)
    0x08000344   0x00000028   Code   RO         2507    .text               c_w.l(noretval__2sprintf.o)
    0x0800036c   0x00000068   Code   RO         2509    .text               c_w.l(__printf.o)
    0x080003d4   0x00000052   Code   RO         2511    .text               c_w.l(_printf_str.o)
    0x08000426   0x0000008a   Code   RO         2535    .text               c_w.l(rt_memcpy_v6.o)
    0x080004b0   0x00000010   Code   RO         2537    .text               c_w.l(aeabi_memset.o)
    0x080004c0   0x00000044   Code   RO         2539    .text               c_w.l(rt_memclr.o)
    0x08000504   0x00000080   Code   RO         2541    .text               c_w.l(strcmpv7m.o)
    0x08000584   0x00000006   Code   RO         2543    .text               c_w.l(heapauxi.o)
    0x0800058a   0x00000002   Code   RO         2559    .text               c_w.l(use_no_semi.o)
    0x0800058c   0x00000030   Code   RO         2562    .text               c_w.l(_printf_char_common.o)
    0x080005bc   0x0000000a   Code   RO         2564    .text               c_w.l(_sputc.o)
    0x080005c6   0x0000002c   Code   RO         2566    .text               c_w.l(_printf_char.o)
    0x080005f2   0x00000002   PAD
    0x080005f4   0x00000024   Code   RO         2568    .text               c_w.l(_printf_char_file.o)
    0x08000618   0x00000064   Code   RO         2571    .text               c_w.l(rt_memcpy_w.o)
    0x0800067c   0x0000004e   Code   RO         2573    .text               c_w.l(rt_memclr_w.o)
    0x080006ca   0x00000008   Code   RO         2597    .text               c_w.l(ferror.o)
    0x080006d2   0x0000004a   Code   RO         2601    .text               c_w.l(sys_stackheap_outer.o)
    0x0800071c   0x0000000c   Code   RO         2603    .text               c_w.l(exit.o)
    0x08000728   0x00000008   Code   RO         2611    .text               c_w.l(libspace.o)
    0x08000730   0x00000004   Code   RO          220    i.BusFault_Handler  stm32f4xx_it.o
    0x08000734   0x00000002   Code   RO          221    i.DebugMon_Handler  stm32f4xx_it.o
    0x08000736   0x00000002   PAD
    0x08000738   0x00000034   Code   RO         1443    i.FSMC_NORSRAMCmd   stm32f4xx_fsmc.o
    0x0800076c   0x000000e6   Code   RO         1445    i.FSMC_NORSRAMInit  stm32f4xx_fsmc.o
    0x08000852   0x00000090   Code   RO          757    i.GPIO_Init         stm32f4xx_gpio.o
    0x080008e2   0x00000046   Code   RO          758    i.GPIO_PinAFConfig  stm32f4xx_gpio.o
    0x08000928   0x00000004   Code   RO          765    i.GPIO_SetBits      stm32f4xx_gpio.o
    0x0800092c   0x00000004   Code   RO          222    i.HardFault_Handler  stm32f4xx_it.o
    0x08000930   0x0000006c   Code   RO          357    i.LCD_Clear         lcd.o
    0x0800099c   0x000001c0   Code   RO          361    i.LCD_Display_Dir   lcd.o
    0x08000b5c   0x00000024   Code   RO          363    i.LCD_DrawPoint     lcd.o
    0x08000b80   0x00000098   Code   RO          365    i.LCD_Draw_Circle   lcd.o
    0x08000c18   0x00000060   Code   RO          366    i.LCD_FSMCConf      lcd.o
    0x08000c78   0x00000178   Code   RO          367    i.LCD_Fast_DrawPoint  lcd.o
    0x08000df0   0x00003734   Code   RO          369    i.LCD_Init          lcd.o
    0x08004524   0x00000130   Code   RO          370    i.LCD_LineConf      lcd.o
    0x08004654   0x00000010   Code   RO          372    i.LCD_RD_DATA       lcd.o
    0x08004664   0x00000016   Code   RO          374    i.LCD_ReadReg       lcd.o
    0x0800467a   0x00000002   PAD
    0x0800467c   0x00000060   Code   RO          375    i.LCD_SSD_BackLightSet  lcd.o
    0x080046dc   0x000002ec   Code   RO          376    i.LCD_Scan_Dir      lcd.o
    0x080049c8   0x000001a8   Code   RO          377    i.LCD_SetCursor     lcd.o
    0x08004b70   0x00000128   Code   RO          379    i.LCD_ShowChar      lcd.o
    0x08004c98   0x00000066   Code   RO          381    i.LCD_ShowString    lcd.o
    0x08004cfe   0x00000014   Code   RO          383    i.LCD_WR_DATA       lcd.o
    0x08004d12   0x00000014   Code   RO          384    i.LCD_WR_REG        lcd.o
    0x08004d26   0x00000002   PAD
    0x08004d28   0x00000010   Code   RO          386    i.LCD_WriteRAM_Prepare  lcd.o
    0x08004d38   0x0000000a   Code   RO          387    i.LCD_WriteReg      lcd.o
    0x08004d42   0x00000002   PAD
    0x08004d44   0x0000003c   Code   RO          336    i.LED_Init          led.o
    0x08004d80   0x00000004   Code   RO          223    i.MemManage_Handler  stm32f4xx_it.o
    0x08004d84   0x00000002   Code   RO          224    i.NMI_Handler       stm32f4xx_it.o
    0x08004d86   0x00000002   PAD
    0x08004d88   0x00000078   Code   RO          712    i.NVIC_Init         misc.o
    0x08004e00   0x00000014   Code   RO          713    i.NVIC_PriorityGroupConfig  misc.o
    0x08004e14   0x00000020   Code   RO          854    i.RCC_AHB1PeriphClockCmd  stm32f4xx_rcc.o
    0x08004e34   0x00000020   Code   RO          860    i.RCC_AHB3PeriphClockCmd  stm32f4xx_rcc.o
    0x08004e54   0x00000020   Code   RO          866    i.RCC_APB2PeriphClockCmd  stm32f4xx_rcc.o
    0x08004e74   0x000000e8   Code   RO          875    i.RCC_GetClocksFreq  stm32f4xx_rcc.o
    0x08004f5c   0x000000ec   Code   RO          299    i.SetSysClock       system_stm32f4xx.o
    0x08005048   0x00000028   Code   RO          716    i.SysTick_CLKSourceConfig  misc.o
    0x08005070   0x00000010   Code   RO          582    i.SysTick_Handler   delay.o
    0x08005080   0x00000068   Code   RO          301    i.SystemInit        system_stm32f4xx.o
    0x080050e8   0x000000bc   Code   RO          652    i.USART1_IRQHandler  usart.o
    0x080051a4   0x00000018   Code   RO         1248    i.USART_Cmd         stm32f4xx_usart.o
    0x080051bc   0x00000054   Code   RO         1252    i.USART_GetITStatus  stm32f4xx_usart.o
    0x08005210   0x0000004a   Code   RO         1254    i.USART_ITConfig    stm32f4xx_usart.o
    0x0800525a   0x00000002   PAD
    0x0800525c   0x000000d4   Code   RO         1255    i.USART_Init        stm32f4xx_usart.o
    0x08005330   0x0000000a   Code   RO         1262    i.USART_ReceiveData  stm32f4xx_usart.o
    0x0800533a   0x00000004   Code   RO          225    i.UsageFault_Handler  stm32f4xx_it.o
    0x0800533e   0x00000006   Code   RO          653    i._sys_exit         usart.o
    0x08005344   0x00000044   Code   RO          583    i.delay_init        delay.o
    0x08005388   0x00000040   Code   RO          584    i.delay_ms          delay.o
    0x080053c8   0x00000048   Code   RO          585    i.delay_us          delay.o
    0x08005410   0x0000001c   Code   RO          654    i.fputc             usart.o
    0x0800542c   0x00000044   Code   RO            3    i.lcd_task          main.o
    0x08005470   0x00000020   Code   RO            4    i.led0_task         main.o
    0x08005490   0x00000064   Code   RO            5    i.main              main.o
    0x080054f4   0x00000098   Code   RO         1904    i.prvAddCurrentTaskToDelayedList  tasks.o
    0x0800558c   0x000000b8   Code   RO         1905    i.prvAddNewTaskToReadyList  tasks.o
    0x08005644   0x00000064   Code   RO         2241    i.prvCheckForValidListAndQueue  timers.o
    0x080056a8   0x00000064   Code   RO         1906    i.prvCheckTasksWaitingTermination  tasks.o
    0x0800570c   0x0000002a   Code   RO         1706    i.prvCopyDataFromQueue  queue.o
    0x08005736   0x0000007c   Code   RO         1707    i.prvCopyDataToQueue  queue.o
    0x080057b2   0x00000012   Code   RO         1907    i.prvDeleteTCB      tasks.o
    0x080057c4   0x00000028   Code   RO         2242    i.prvGetNextExpireTime  timers.o
    0x080057ec   0x0000007c   Code   RO         2371    i.prvHeapInit       heap_4.o
    0x08005868   0x00000028   Code   RO         1908    i.prvIdleTask       tasks.o
    0x08005890   0x0000002a   Code   RO         1709    i.prvInitialiseNewQueue  queue.o
    0x080058ba   0x000000b4   Code   RO         1909    i.prvInitialiseNewTask  tasks.o
    0x0800596e   0x00000002   PAD
    0x08005970   0x00000068   Code   RO         1910    i.prvInitialiseTaskLists  tasks.o
    0x080059d8   0x00000068   Code   RO         2372    i.prvInsertBlockIntoFreeList  heap_4.o
    0x08005a40   0x00000058   Code   RO         2244    i.prvInsertTimerInActiveList  timers.o
    0x08005a98   0x0000001a   Code   RO         1710    i.prvIsQueueEmpty   queue.o
    0x08005ab2   0x0000001e   Code   RO         1711    i.prvIsQueueFull    queue.o
    0x08005ad0   0x00000064   Code   RO         2245    i.prvProcessExpiredTimer  timers.o
    0x08005b34   0x000000f8   Code   RO         2246    i.prvProcessReceivedCommands  timers.o
    0x08005c2c   0x00000074   Code   RO         2247    i.prvProcessTimerOrBlockTask  timers.o
    0x08005ca0   0x00000034   Code   RO         1912    i.prvResetNextTaskUnblockTime  tasks.o
    0x08005cd4   0x0000002c   Code   RO         2248    i.prvSampleTimeNow  timers.o
    0x08005d00   0x000000a0   Code   RO         2249    i.prvSwitchTimerLists  timers.o
    0x08005da0   0x00000040   Code   RO         2421    i.prvTaskExitError  port.o
    0x08005de0   0x0000001a   Code   RO         2250    i.prvTimerTask      timers.o
    0x08005dfa   0x0000007e   Code   RO         1712    i.prvUnlockQueue    queue.o
    0x08005e78   0x0000013c   Code   RO         2373    i.pvPortMalloc      heap_4.o
    0x08005fb4   0x00000020   Code   RO         1915    i.pvTaskIncrementMutexHeldCount  tasks.o
    0x08005fd4   0x0000002c   Code   RO         2422    i.pxPortInitialiseStack  port.o
    0x08006000   0x000000a4   Code   RO            6    i.start_task        main.o
    0x080060a4   0x000000b0   Code   RO          655    i.uart_init         usart.o
    0x08006154   0x000000cc   Code   RO            7    i.uart_task         main.o
    0x08006220   0x00000028   Code   RO         1669    i.uxListRemove      list.o
    0x08006248   0x0000001a   Code   RO         1670    i.vListInitialise   list.o
    0x08006262   0x00000006   Code   RO         1671    i.vListInitialiseItem  list.o
    0x08006268   0x00000034   Code   RO         1672    i.vListInsert       list.o
    0x0800629c   0x00000018   Code   RO         1673    i.vListInsertEnd    list.o
    0x080062b4   0x00000054   Code   RO         2424    i.vPortEnterCritical  port.o
    0x08006308   0x0000003c   Code   RO         2425    i.vPortExitCritical  port.o
    0x08006344   0x00000094   Code   RO         2374    i.vPortFree         heap_4.o
    0x080063d8   0x00000020   Code   RO         2426    i.vPortSetupTimerInterrupt  port.o
    0x080063f8   0x00000078   Code   RO         2427    i.vPortValidateInterruptPriority  port.o
    0x08006470   0x0000002c   Code   RO         1718    i.vQueueAddToRegistry  queue.o
    0x0800649c   0x0000004a   Code   RO         1722    i.vQueueWaitForMessageRestricted  queue.o
    0x080064e6   0x00000002   PAD
    0x080064e8   0x0000005c   Code   RO         1923    i.vTaskDelay        tasks.o
    0x08006544   0x000000f4   Code   RO         1925    i.vTaskDelete       tasks.o
    0x08006638   0x0000000c   Code   RO         1928    i.vTaskMissedYield  tasks.o
    0x08006644   0x00000038   Code   RO         1930    i.vTaskPlaceOnEventList  tasks.o
    0x0800667c   0x00000040   Code   RO         1931    i.vTaskPlaceOnEventListRestricted  tasks.o
    0x080066bc   0x000000b0   Code   RO         1933    i.vTaskPriorityInherit  tasks.o
    0x0800676c   0x00000030   Code   RO         1937    i.vTaskSetTimeOutState  tasks.o
    0x0800679c   0x00000094   Code   RO         1938    i.vTaskStartScheduler  tasks.o
    0x08006830   0x00000010   Code   RO         1940    i.vTaskSuspendAll   tasks.o
    0x08006840   0x0000008c   Code   RO         1941    i.vTaskSwitchContext  tasks.o
    0x080068cc   0x0000013c   Code   RO         2428    i.xPortStartScheduler  port.o
    0x08006a08   0x00000034   Code   RO         2429    i.xPortSysTickHandler  port.o
    0x08006a3c   0x00000058   Code   RO         1725    i.xQueueGenericCreate  queue.o
    0x08006a94   0x000001c4   Code   RO         1726    i.xQueueGenericReceive  queue.o
    0x08006c58   0x00000098   Code   RO         1727    i.xQueueGenericReset  queue.o
    0x08006cf0   0x000001a8   Code   RO         1728    i.xQueueGenericSend  queue.o
    0x08006e98   0x000000f8   Code   RO         1729    i.xQueueGenericSendFromISR  queue.o
    0x08006f90   0x000000e0   Code   RO         1730    i.xQueueGiveFromISR  queue.o
    0x08007070   0x0000008c   Code   RO         1942    i.xTaskCheckForTimeOut  tasks.o
    0x080070fc   0x00000060   Code   RO         1943    i.xTaskCreate       tasks.o
    0x0800715c   0x00000020   Code   RO         1947    i.xTaskGetSchedulerState  tasks.o
    0x0800717c   0x0000000c   Code   RO         1948    i.xTaskGetTickCount  tasks.o
    0x08007188   0x00000148   Code   RO         1950    i.xTaskIncrementTick  tasks.o
    0x080072d0   0x000000c8   Code   RO         1953    i.xTaskPriorityDisinherit  tasks.o
    0x08007398   0x00000098   Code   RO         1954    i.xTaskRemoveFromEventList  tasks.o
    0x08007430   0x00000104   Code   RO         1956    i.xTaskResumeAll    tasks.o
    0x08007534   0x00000058   Code   RO         2254    i.xTimerCreateTimerTask  timers.o
    0x0800758c   0x00000084   Code   RO         2255    i.xTimerGenericCommand  timers.o
    0x08007610   0x0000005a   Code   RO         2547    x$fpl$dfixu         fz_wm.l(dfixu.o)
    0x0800766a   0x00000026   Code   RO         2551    x$fpl$dfltu         fz_wm.l(dflt_clz.o)
    0x08007690   0x00000154   Code   RO         2557    x$fpl$dmul          fz_wm.l(dmul.o)
    0x080077e4   0x0000009c   Code   RO         2575    x$fpl$dnaninf       fz_wm.l(dnaninf.o)
    0x08007880   0x0000000c   Code   RO         2577    x$fpl$dretinf       fz_wm.l(dretinf.o)
    0x0800788c   0x0000000a   Code   RO         2670    x$fpl$fpinit        fz_wm.l(fpinit.o)
    0x08007896   0x00000000   Code   RO         2579    x$fpl$usenofp       fz_wm.l(usenofp.o)
    0x08007896   0x000017c0   Data   RO          390    .constdata          lcd.o
    0x08009056   0x00000002   PAD
    0x08009058   0x00000020   Data   RO         2733    Region$$Table       anon$$obj.o


    Execution Region RW_IRAM1 (Base: 0x20000000, Size: 0x00013528, Max: 0x00020000, ABSOLUTE)

    Base Addr    Size         Type   Attr      Idx    E Section Name        Object

    0x20000000   0x00000014   Data   RW            8    .data               main.o
    0x20000014   0x00000014   Data   RW          302    .data               system_stm32f4xx.o
    0x20000028   0x00000008   Data   RW          391    .data               lcd.o
    0x20000030   0x00000004   Data   RW          587    .data               delay.o
    0x20000034   0x00000006   Data   RW          657    .data               usart.o
    0x2000003a   0x00000010   Data   RW          907    .data               stm32f4xx_rcc.o
    0x2000004a   0x00000002   PAD
    0x2000004c   0x0000003c   Data   RW         1959    .data               tasks.o
    0x20000088   0x00000014   Data   RW         2261    .data               timers.o
    0x2000009c   0x00000018   Data   RW         2379    .data               heap_4.o
    0x200000b4   0x0000000c   Data   RW         2430    .data               port.o
    0x200000c0   0x0000000e   Zero   RW          389    .bss                lcd.o
    0x200000ce   0x000000c8   Zero   RW          656    .bss                usart.o
    0x20000196   0x00000002   PAD
    0x20000198   0x00000040   Zero   RW         1737    .bss                queue.o
    0x200001d8   0x000000c8   Zero   RW         1958    .bss                tasks.o
    0x200002a0   0x00000028   Zero   RW         2260    .bss                timers.o
    0x200002c8   0x00012c00   Zero   RW         2378    .bss                heap_4.o
    0x20012ec8   0x00000060   Zero   RW         2612    .bss                c_w.l(libspace.o)
    0x20012f28   0x00000200   Zero   RW          704    HEAP                startup_stm32f40_41xxx.o
    0x20013128   0x00000400   Zero   RW          703    STACK               startup_stm32f40_41xxx.o


==============================================================================

Image component sizes


      Code (inc. data)   RO Data    RW Data    ZI Data      Debug   Object Name

       220         18          0          4          0       2429   delay.o
         0          0          0          0          0      10304   event_groups.o
       692         62          0         24      76800       4299   heap_4.o
     17422        144       6080          8         14      24237   lcd.o
        60          6          0          0          0        523   led.o
       148          0          0          0          0       3126   list.o
       568        200          0         20          0     288869   main.o
       180         24          0          0          0       2033   misc.o
       954         92          0         12          0      11285   port.o
      2096         22          0          0         64      14365   queue.o
        64         26        392          0       1536        836   startup_stm32f40_41xxx.o
       282          6          0          0          0       1789   stm32f4xx_fsmc.o
       218          0          0          0          0       2258   stm32f4xx_gpio.o
        20          0          0          0          0       2657   stm32f4xx_it.o
       328         36          0         16          0       4551   stm32f4xx_rcc.o
       404          8          0          0          0       4138   stm32f4xx_usart.o
       340         32          0         20          0       1701   system_stm32f4xx.o
      3078        410          0         60        200      22579   tasks.o
      1142        118          0         20         40      16955   timers.o
       398         36          0          6        200       4390   usart.o

    ----------------------------------------------------------------------
     28632       1240       6506        192      78856     423324   Object Totals
         0          0         32          0          0          0   (incl. Generated)
        18          0          2          2          2          0   (incl. Padding)

    ----------------------------------------------------------------------

      Code (inc. data)   RO Data    RW Data    ZI Data      Debug   Library Member Name

         8          0          0          0          0         68   __main.o
       104          0          0          0          0         84   __printf.o
         0          0          0          0          0          0   __rtentry.o
        12          0          0          0          0          0   __rtentry2.o
         6          0          0          0          0          0   __rtentry4.o
        52          8          0          0          0          0   __scatter.o
        26          0          0          0          0          0   __scatter_copy.o
        28          0          0          0          0          0   __scatter_zi.o
        44          0          0          0          0        108   _printf_char.o
        48          6          0          0          0         96   _printf_char_common.o
        36          4          0          0          0         80   _printf_char_file.o
         0          0          0          0          0          0   _printf_percent.o
         4          0          0          0          0          0   _printf_percent_end.o
         6          0          0          0          0          0   _printf_s.o
        82          0          0          0          0         80   _printf_str.o
        10          0          0          0          0         68   _sputc.o
        16          0          0          0          0         68   aeabi_memset.o
        12          0          0          0          0         72   exit.o
         8          0          0          0          0         68   ferror.o
         6          0          0          0          0        152   heapauxi.o
         2          0          0          0          0          0   libinit.o
         6          0          0          0          0          0   libinit2.o
         2          0          0          0          0          0   libshutdown.o
         2          0          0          0          0          0   libshutdown2.o
         8          4          0          0         96         68   libspace.o
        24          4          0          0          0         84   noretval__2printf.o
        40          6          0          0          0         84   noretval__2sprintf.o
        68          0          0          0          0         68   rt_memclr.o
        78          0          0          0          0         80   rt_memclr_w.o
       138          0          0          0          0         68   rt_memcpy_v6.o
       100          0          0          0          0         80   rt_memcpy_w.o
         2          0          0          0          0          0   rtexit.o
        10          0          0          0          0          0   rtexit2.o
       128          0          0          0          0         68   strcmpv7m.o
        74          0          0          0          0         80   sys_stackheap_outer.o
         2          0          0          0          0         68   use_no_semi.o
         2          0          0          0          0         68   use_no_semi_2.o
        90          4          0          0          0        140   dfixu.o
        38          0          0          0          0        116   dflt_clz.o
       340         12          0          0          0        152   dmul.o
       156          4          0          0          0        140   dnaninf.o
        12          0          0          0          0        116   dretinf.o
        10          0          0          0          0        116   fpinit.o
         0          0          0          0          0          0   usenofp.o

    ----------------------------------------------------------------------
      1846         52          0          0         96       2540   Library Totals
         6          0          0          0          0          0   (incl. Padding)

    ----------------------------------------------------------------------

      Code (inc. data)   RO Data    RW Data    ZI Data      Debug   Library Name

      1194         32          0          0         96       1760   c_w.l
       646         20          0          0          0        780   fz_wm.l

    ----------------------------------------------------------------------
      1846         52          0          0         96       2540   Library Totals

    ----------------------------------------------------------------------

==============================================================================


      Code (inc. data)   RO Data    RW Data    ZI Data      Debug   

     30478       1292       6506        192      78952     412328   Grand Totals
     30478       1292       6506        192      78952     412328   ELF Image Totals
     30478       1292       6506        192          0          0   ROM Totals

==============================================================================

    Total RO  Size (Code + RO Data)                36984 (  36.12kB)
    Total RW  Size (RW Data + ZI Data)             79144 (  77.29kB)
    Total ROM Size (Code + RO Data + RW Data)      37176 (  36.30kB)

==============================================================================

