<html>
<body>
<pre>
<h1>礦ision Build Log</h1>
<h2>Tool Versions:</h2>
IDE-Version: μVision V5.14.0.0
Copyright (C) 2015 ARM Ltd and ARM Germany GmbH. All rights reserved.
License Information: ss Microsoft, Microsoft, LIC=AK156-D595N-23CM4-FI5E8-7NG07-FIAR6
 
Tool Versions:
Toolchain:       MDK-ARM Professional  Version: 5.14.0.0
Toolchain Path:  E:\keil5\ARM\ARMCC\Bin
C Compiler:      Armcc.exe V5.05 update 1 (build 106)
Assembler:       Armasm.exe V5.05 update 1 (build 106)
Linker/Locator:  ArmLink.exe V5.05 update 1 (build 106)
Library Manager: ArmAr.exe V5.05 update 1 (build 106)
Hex Converter:   FromElf.exe V5.05 update 1 (build 106)
CPU DLL:         SARMCM3.DLL V5.14.0.0
Dialog DLL:      DCM.DLL V1.13.1.0
Target DLL:      STLink\ST-LINKIII-KEIL_SWO.dll V2.0.14.0_KEIL
Dialog DLL:      TCM.DLL V1.14.4.0
 
<h2>Project:</h2>
E:\stm32f104\FREE_RTOS\code\12.uart_cmd\USER\LED.uvprojx
Project File Date:  01/08/2018

<h2>Output:</h2>
Build target 'LED'
compiling main.c...
main.c(98): warning:  #223-D: function "strcmp" declared implicitly
                                if(strcmp((char*)CommandStr,"LED1ON")==0)
main.c(102): warning:  #223-D: function "memset" declared implicitly
                                memset(USART_RX_BUF,0,USART_REC_LEN);                   //串口接收缓冲区清零
main.c: 2 warnings, 0 errors
linking...
Program Size: Code=30478 RO-data=6506 RW-data=192 ZI-data=78952  
FromELF: creating hex file...
"..\OBJ\LED.axf" - 0 Error(s), 2 Warning(s).

<h2>Collection of Component include folders:</h2>
  E:\stm32f104\FREE_RTOS\code\12.uart_cmd\USER\RTE
  E:\keil5\ARM\PACK\Keil\STM32F4xx_DFP\2.6.0

<h2>Collection of Component Files used:</h2>
</pre>
</body>
</html>
